 addon

 Timestamp is 572865b1 (Tue May  3 10:47:45 2016)

 Preferred load address is 10000000

 Start         Length     Name                   Class
 0001:00000000 00000260H .text                   CODE
 0001:00000260 00000220H .text$di                CODE
 0001:00000480 0001a950H .text$mn                CODE
 0001:0001add0 00000260H .text$x                 CODE
 0001:0001b030 000000ddH .text$yd                CODE
 0002:00000000 00000194H .idata$5                DATA
 0002:00000194 00000004H .00cfg                  DATA
 0002:00000198 00000004H .CRT$XCA                DATA
 0002:0000019c 0000003cH .CRT$XCC                DATA
 0002:000001d8 00000008H .CRT$XCL                DATA
 0002:000001e0 00000010H .CRT$XCU                DATA
 0002:000001f0 00000004H .CRT$XCZ                DATA
 0002:000001f4 00000004H .CRT$XIA                DATA
 0002:000001f8 00000018H .CRT$XIC                DATA
 0002:00000210 00000004H .CRT$XIZ                DATA
 0002:00000214 00000004H .CRT$XLA                DATA
 0002:00000218 00000004H .CRT$XLZ                DATA
 0002:0000021c 00000004H .CRT$XPA                DATA
 0002:00000220 00000008H .CRT$XPX                DATA
 0002:00000228 00000004H .CRT$XPXA               DATA
 0002:0000022c 00000004H .CRT$XPZ                DATA
 0002:00000230 00000004H .CRT$XTA                DATA
 0002:00000234 0000000cH .CRT$XTZ                DATA
 0002:00000240 0000b794H .rdata                  DATA
 0002:0000b9d4 00000018H .rdata$T                DATA
 0002:0000b9ec 00000994H .rdata$r                DATA
 0002:0000c380 00000058H .rdata$sxdata           DATA
 0002:0000c3d8 00000010H .rdata$zETW0            DATA
 0002:0000c3e8 00000077H .rdata$zETW1            DATA
 0002:0000c45f 0000002cH .rdata$zETW2            DATA
 0002:0000c48b 00000001H .rdata$zETW9            DATA
 0002:0000c48c 00000520H .rdata$zzzdbg           DATA
 0002:0000c9ac 00000004H .rtc$IAA                DATA
 0002:0000c9b0 00000004H .rtc$IZZ                DATA
 0002:0000c9b4 00000004H .rtc$TAA                DATA
 0002:0000c9b8 00000008H .rtc$TZZ                DATA
 0002:0000c9c0 00000ac8H .xdata$x                DATA
 0002:0000d488 00000020H .didat$2                DATA
 0002:0000d4a8 00000020H .didat$3                DATA
 0002:0000d4c8 0000002cH .didat$4                DATA
 0002:0000d4f4 00000288H .didat$6                DATA
 0002:0000d77c 00000034H .didat$7                DATA
 0002:0000d7b0 00000050H .edata                  DATA
 0002:0000d800 0000003cH .idata$2                DATA
 0002:0000d83c 00000014H .idata$3                DATA
 0002:0000d850 00000194H .idata$4                DATA
 0002:0000d9e4 000007b8H .idata$6                DATA
 0003:00000000 00000a08H .data                   DATA
 0003:00000a08 000004a4H .data$r                 DATA
 0003:00000eac 0000002cH .didat$5                DATA
 0003:00000ed8 0000104cH .bss                    DATA
 0004:00000000 000000c0H .gfids$x                DATA
 0004:000000c0 00000264H .gfids$y                DATA
 0005:00000000 00000004H .tls                    DATA
 0005:00000004 00000004H .tls$                   DATA
 0005:00000008 00000001H .tls$ZZZ                DATA
 0006:00000000 00000060H .rsrc$01                DATA
 0006:00000060 00000180H .rsrc$02                DATA

  Address         Publics by Value              Rva+Base       Lib:Object

 0000:00000000       ___guard_fids_count        00000000     <absolute>
 0000:00000000       ___guard_longjmp_count     00000000     <absolute>
 0000:00000000       ___guard_longjmp_table     00000000     <absolute>
 0000:00000000       __except_list              00000000     <absolute>
 0000:00000000       ___guard_iat_table         00000000     <absolute>
 0000:00000000       ___guard_iat_count         00000000     <absolute>
 0000:00000000       ___guard_fids_table        00000000     <absolute>
 0000:00000000       ___dynamic_value_reloc_table 00000000     <absolute>
 0000:00000015       ___safe_se_handler_count   00000015     <absolute>
 0000:0000002c       __tls_array                0000002c     <absolute>
 0000:00000100       ___guard_flags             00000100     <absolute>
 0000:00000000       ___ImageBase               10000000     <linker-defined>
 0001:00000000       ?TraceLoggingRegister@__vcrt_trace_logging_provider@@YAJPBU_TlgProvider_t@1@PBU_GUID@@P6GX1KE_K2PAU_EVENT_FILTER_DESCRIPTOR@@PAX@Z4@Z 10001000 f i libvcruntime:telemetry.obj
 0001:0000005d       ?TraceLoggingSetInformation@__vcrt_trace_logging_provider@@YAJPBU_TlgProvider_t@1@W4_EVENT_INFO_CLASS@@PAXK@Z 1000105d f i libvcruntime:telemetry.obj
 0001:00000088       ?TraceLoggingUnregister@__vcrt_trace_logging_provider@@YAXPBU_TlgProvider_t@1@@Z 10001088 f i libvcruntime:telemetry.obj
 0001:000000a7       ?_TlgCreateSz@__vcrt_trace_logging_provider@@YAXPAU_EVENT_DATA_DESCRIPTOR@@PBD@Z 100010a7 f i libvcruntime:telemetry.obj
 0001:000000df       ?_TlgCreateWsz@__vcrt_trace_logging_provider@@YAXPAU_EVENT_DATA_DESCRIPTOR@@PB_W@Z 100010df f i libvcruntime:telemetry.obj
 0001:00000123       ?_TlgEnableCallback@__vcrt_trace_logging_provider@@YGXPBU_GUID@@KE_K1PAU_EVENT_FILTER_DESCRIPTOR@@PAX@Z 10001123 f i libvcruntime:telemetry.obj
 0001:0000019b       ?_TlgKeywordOn@__vcrt_trace_logging_provider@@YAEPBU_TlgProvider_t@1@_K@Z 1000119b f i libvcruntime:telemetry.obj
 0001:000001d7       ?_TlgWrite@__vcrt_trace_logging_provider@@YAJPBU_TlgProvider_t@1@PBXPBU_GUID@@2IPAU_EVENT_DATA_DESCRIPTOR@@@Z 100011d7 f i libvcruntime:telemetry.obj
 0001:00000480       ??0exception@stdext@@QAE@ABV01@@Z 10001480 f i Node.obj
 0001:000004a0       ?what@exception@stdext@@UBEPBDXZ 100014a0 f i Node.obj
 0001:000004b0       ?_Raise@exception@stdext@@QBEXXZ 100014b0 f i Node.obj
 0001:000004e0       ?_Unlock@?$basic_streambuf@DU?$char_traits@D@std@@@std@@UAEXXZ 100014e0 f i libcpmt:cout.obj
 0001:000004e0       @_guard_check_icall_nop@4  100014e0 f i LIBCMT:guard_support.obj
 0001:000004e0       ___except_validate_context_record 100014e0 f i libvcruntime:jbcxrval.obj
 0001:000004e0       ?_Doraise@exception@stdext@@MBEXXZ 100014e0 f i Node.obj
 0001:000004e0       ?_Lock@?$basic_streambuf@DU?$char_traits@D@std@@@std@@UAEXXZ 100014e0 f i libcpmt:cout.obj
 0001:000004e0       ___except_validate_jump_buffer 100014e0 f i libvcruntime:jbcxrval.obj
 0001:000004f0       ??_Gexception@stdext@@UAEPAXI@Z 100014f0 f i Node.obj
 0001:000004f0       ??_Gruntime_error@std@@UAEPAXI@Z 100014f0 f i Node.obj
 0001:000004f0       ??_Eexception@stdext@@UAEPAXI@Z 100014f0 f i * CIL library *:* CIL module *
 0001:000004f0       ??_Eruntime_error@std@@UAEPAXI@Z 100014f0 f i * CIL library *:* CIL module *
 0001:00000520       ??1runtime_error@std@@UAE@XZ 10001520 f i Node.obj
 0001:00000530       ??0_Locinfo@std@@QAE@PBD@Z 10001530 f i Node.obj
 0001:000005b0       ??1_Locinfo@std@@QAE@XZ    100015b0 f i Node.obj
 0001:00000650       ??_E_Facet_base@std@@UAEPAXI@Z 10001650 f i * CIL library *:* CIL module *
 0001:00000650       ??_G_Facet_base@std@@UAEPAXI@Z 10001650 f i Node.obj
 0001:00000680       ??Bid@locale@std@@QAEIXZ   10001680 f i Node.obj
 0001:000006c0       ?_Incref@facet@locale@std@@UAEXXZ 100016c0 f i Node.obj
 0001:000006d0       ?_Decref@facet@locale@std@@UAEPAV_Facet_base@3@XZ 100016d0 f i Node.obj
 0001:000006f0       ??1locale@std@@QAE@XZ      100016f0 f i Node.obj
 0001:00000710       ?c_str@locale@std@@QBEPBDXZ 10001710 f i Node.obj
 0001:00000730       ?_Getfacet@locale@std@@QBEPBVfacet@12@I@Z 10001730 f i Node.obj
 0001:00000770       ?_Getcat@?$ctype@D@std@@SAIPAPBVfacet@locale@2@PBV42@@Z 10001770 f i Node.obj
 0001:00000800       ?do_tolower@?$ctype@D@std@@MBEDD@Z 10001800 f i Node.obj
 0001:00000820       ?do_tolower@?$ctype@D@std@@MBEPBDPADPBD@Z 10001820 f i Node.obj
 0001:00000860       ?do_toupper@?$ctype@D@std@@MBEDD@Z 10001860 f i Node.obj
 0001:00000880       ?do_toupper@?$ctype@D@std@@MBEPBDPADPBD@Z 10001880 f i Node.obj
 0001:000008c0       ?do_widen@?$ctype@D@std@@MBEDD@Z 100018c0 f i Node.obj
 0001:000008d0       ?do_widen@?$ctype@D@std@@MBEPBDPBD0PAD@Z 100018d0 f i Node.obj
 0001:000008f0       ?do_narrow@?$ctype@D@std@@MBEDDD@Z 100018f0 f i Node.obj
 0001:00000900       ?do_narrow@?$ctype@D@std@@MBEPBDPBD0DPAD@Z 10001900 f i Node.obj
 0001:00000920       ??_E?$ctype@D@std@@MAEPAXI@Z 10001920 f i * CIL library *:* CIL module *
 0001:00000920       ??_G?$ctype@D@std@@MAEPAXI@Z 10001920 f i Node.obj
 0001:00000970       ??_Gerror_category@std@@UAEPAXI@Z 10001970 f i Node.obj
 0001:00000970       ??_E_Iostream_error_category@std@@UAEPAXI@Z 10001970 f i * CIL library *:* CIL module *
 0001:00000970       ??_Eerror_category@std@@UAEPAXI@Z 10001970 f i * CIL library *:* CIL module *
 0001:00000970       ??_G_Iostream_error_category@std@@UAEPAXI@Z 10001970 f i Node.obj
 0001:000009a0       ?default_error_condition@error_category@std@@UBE?AVerror_condition@2@H@Z 100019a0 f i Node.obj
 0001:000009b0       ?equivalent@error_category@std@@UBE_NHABVerror_condition@2@@Z 100019b0 f i Node.obj
 0001:00000a10       ?equivalent@error_category@std@@UBE_NABVerror_code@2@H@Z 10001a10 f i Node.obj
 0001:00000a40       ?_Makestr@_System_error@std@@CA?AV?$basic_string@DU?$char_traits@D@std@@V?$allocator@D@2@@2@Verror_code@2@V32@@Z 10001a40 f i Node.obj
 0001:00000b00       ??0_System_error@std@@IAE@Verror_code@1@ABV?$basic_string@DU?$char_traits@D@std@@V?$allocator@D@2@@1@@Z 10001b00 f i Node.obj
 0001:00000ba0       ??_Gfailure@ios_base@std@@UAEPAXI@Z 10001ba0 f i Node.obj
 0001:00000ba0       ??_G_System_error@std@@UAEPAXI@Z 10001ba0 f i Node.obj
 0001:00000ba0       ??_E_System_error@std@@UAEPAXI@Z 10001ba0 f i * CIL library *:* CIL module *
 0001:00000ba0       ??_Efailure@ios_base@std@@UAEPAXI@Z 10001ba0 f i * CIL library *:* CIL module *
 0001:00000bd0       ?name@_Iostream_error_category@std@@UBEPBDXZ 10001bd0 f i Node.obj
 0001:00000be0       ?message@_Iostream_error_category@std@@UBE?AV?$basic_string@DU?$char_traits@D@std@@V?$allocator@D@2@@2@H@Z 10001be0 f i Node.obj
 0001:00000c70       ?clear@ios_base@std@@QAEXH_N@Z 10001c70 f i Node.obj
 0001:00000e60       ?connection@Epoc@@YAXABV?$FunctionCallbackInfo@VValue@v8@@@v8@@@Z 10001e60 f   Node.obj
 0001:00001090       ??0runtime_error@std@@QAE@ABV01@@Z 10002090 f i Node.obj
 0001:000010b0       ?checkNextEvent@Epoc@@YAXABV?$FunctionCallbackInfo@VValue@v8@@@v8@@@Z 100020b0 f   Node.obj
 0001:00001130       ?getWirelessSignal@Epoc@@YAXABV?$FunctionCallbackInfo@VValue@v8@@@v8@@@Z 10002130 f   Node.obj
 0001:00001180       ?getBatteryLevel@Epoc@@YAXABV?$FunctionCallbackInfo@VValue@v8@@@v8@@@Z 10002180 f   Node.obj
 0001:000011e0       ?getTime@Epoc@@YAXABV?$FunctionCallbackInfo@VValue@v8@@@v8@@@Z 100021e0 f   Node.obj
 0001:00001240       ?getMentalCommandeCurrentAction@Epoc@@YAXABV?$FunctionCallbackInfo@VValue@v8@@@v8@@@Z 10002240 f   Node.obj
 0001:00001290       ?getMentalCommandeCurrentActionPower@Epoc@@YAXABV?$FunctionCallbackInfo@VValue@v8@@@v8@@@Z 10002290 f   Node.obj
 0001:000012f0       ?disconnection@Epoc@@YAXABV?$FunctionCallbackInfo@VValue@v8@@@v8@@@Z 100022f0 f   Node.obj
 0001:00001330       ?init@Epoc@@YAXV?$Local@VObject@v8@@@v8@@@Z 10002330 f   Node.obj
 0001:000013e0       ??1?$basic_string@DU?$char_traits@D@std@@V?$allocator@D@2@@std@@QAE@XZ 100023e0 f i Node.obj
 0001:00001410       ?_Tidy@?$basic_string@DU?$char_traits@D@std@@V?$allocator@D@2@@std@@QAEX_NI@Z 10002410 f i Node.obj
 0001:00001460       ?assign@?$basic_string@DU?$char_traits@D@std@@V?$allocator@D@2@@std@@QAEAAV12@PBDI@Z 10002460 f i Node.obj
 0001:00001560       ?assign@?$basic_string@DU?$char_traits@D@std@@V?$allocator@D@2@@std@@QAEAAV12@ABV12@II@Z 10002560 f i Node.obj
 0001:00001670       ?append@?$basic_string@DU?$char_traits@D@std@@V?$allocator@D@2@@std@@QAEAAV12@PBDI@Z 10002670 f i Node.obj
 0001:000017a0       ?append@?$basic_string@DU?$char_traits@D@std@@V?$allocator@D@2@@std@@QAEAAV12@ABV12@II@Z 100027a0 f i Node.obj
 0001:000018a0       ?deallocate@?$_Wrap_alloc@V?$allocator@D@std@@@std@@QAEXPADI@Z 100028a0 f i Node.obj
 0001:00001900       ?_Xlen@?$basic_string@DU?$char_traits@D@std@@V?$allocator@D@2@@std@@QBEXXZ 10002900 f i Node.obj
 0001:00001910       ?_Grow@?$basic_string@DU?$char_traits@D@std@@V?$allocator@D@2@@std@@QAE_NI_N@Z 10002910 f i Node.obj
 0001:000019c0       ?_Chassign@?$basic_string@DU?$char_traits@D@std@@V?$allocator@D@2@@std@@QAEXIID@Z 100029c0 f i Node.obj
 0001:00001a10       ?erase@?$basic_string@DU?$char_traits@D@std@@V?$allocator@D@2@@std@@QAEAAV12@II@Z 10002a10 f i Node.obj
 0001:00001ab0       ?append@?$basic_string@DU?$char_traits@D@std@@V?$allocator@D@2@@std@@QAEAAV12@ID@Z 10002ab0 f i Node.obj
 0001:00001ba0       ?_Copy@?$basic_string@DU?$char_traits@D@std@@V?$allocator@D@2@@std@@QAEXII@Z 10002ba0 f i Node.obj
 0001:00001c50       ?allocate@?$_Wrap_alloc@V?$allocator@D@std@@@std@@QAEPADI@Z 10002c50 f i Node.obj
 0001:00001cb0       ??$use_facet@V?$ctype@D@std@@@std@@YAABV?$ctype@D@0@ABVlocale@0@@Z 10002cb0 f i Node.obj
 0001:00001db0       ??$_Immortalize@V_Iostream_error_category@std@@@std@@YAAAV_Iostream_error_category@0@XZ 10002db0 f i Node.obj
 0001:00001e20       ??$?6U?$char_traits@D@std@@@std@@YAAAV?$basic_ostream@DU?$char_traits@D@std@@@0@AAV10@PBD@Z 10002e20 f i Node.obj
 0001:00002060       ??$endl@DU?$char_traits@D@std@@@std@@YAAAV?$basic_ostream@DU?$char_traits@D@std@@@0@AAV10@@Z 10003060 f i Node.obj
 0001:000020e0       ??$?HDU?$char_traits@D@std@@V?$allocator@D@1@@std@@YA?AV?$basic_string@DU?$char_traits@D@std@@V?$allocator@D@2@@0@PBDABV10@@Z 100030e0 f i Node.obj
 0001:00002150       ??$?HDU?$char_traits@D@std@@V?$allocator@D@1@@std@@YA?AV?$basic_string@DU?$char_traits@D@std@@V?$allocator@D@2@@0@$$QAV10@PBD@Z 10003150 f i Node.obj
 0001:000021c0       ??$NODE_SET_METHOD@V?$Local@VObject@v8@@@v8@@@node@@YAXABV?$Local@VObject@v8@@@v8@@PBDP6AXABV?$FunctionCallbackInfo@VValue@v8@@@2@@Z@Z 100031c0 f i Node.obj
 0001:00002260       ??$destroy@PAD@?$_Wrap_alloc@V?$allocator@D@std@@@std@@QAEXPAPAD@Z 10003260 f i Node.obj
 0001:00002260       ?imbue@?$basic_streambuf@DU?$char_traits@D@std@@@std@@MAEXABVlocale@2@@Z 10003260 f i libcpmt:cout.obj
 0001:00002270       ??0sentry@?$basic_ostream@DU?$char_traits@D@std@@@std@@QAE@AAV12@@Z 10003270 f i Node.obj
 0001:000022d0       ??0?$_Wrap_alloc@V?$allocator@D@std@@@std@@QAE@XZ 100032d0 f i Node.obj
 0001:000022e0       ?flush@?$basic_ostream@DU?$char_traits@D@std@@@std@@QAEAAV12@XZ 100032e0 f i Node.obj
 0001:000023a0       ?put@?$basic_ostream@DU?$char_traits@D@std@@@std@@QAEAAV12@D@Z 100033a0 f i Node.obj
 0001:000024b0       ?widen@?$basic_ios@DU?$char_traits@D@std@@@std@@QBEDD@Z 100034b0 f i Node.obj
 0001:00002520       ??$getline@DU?$char_traits@D@std@@V?$allocator@D@2@@std@@YAAAV?$basic_istream@DU?$char_traits@D@std@@@0@$$QAV10@AAV?$basic_string@DU?$char_traits@D@std@@V?$allocator@D@2@@0@D@Z 10003520 f i Node.obj
 0001:00002680       ??Y?$basic_string@DU?$char_traits@D@std@@V?$allocator@D@2@@std@@QAEAAV01@D@Z 10003680 f i Node.obj
 0001:00002720       ?snextc@?$basic_streambuf@DU?$char_traits@D@std@@@std@@QAEHXZ 10003720 f i Node.obj
 0001:000027db       __imp_load_?GetCurrent@Isolate@v8@@SAPAV12@XZ 100037db f   node:node.exe
 0001:000027e5       __tailMerge_node_exe       100037e5 f i node:node.exe
 0001:000027f6       __imp_load_??1HandleScope@v8@@QAE@XZ 100037f6 f   node:node.exe
 0001:00002800       __imp_load_??0HandleScope@v8@@QAE@PAVIsolate@1@@Z 10003800 f   node:node.exe
 0001:0000280a       __imp_load_?GetFunction@FunctionTemplate@v8@@QAE?AV?$Local@VFunction@v8@@@2@XZ 1000380a f   node:node.exe
 0001:00002814       __imp_load_?New@FunctionTemplate@v8@@SA?AV?$Local@VFunctionTemplate@v8@@@2@PAVIsolate@2@P6AXABV?$FunctionCallbackInfo@VValue@v8@@@2@@ZV?$Local@VValue@v8@@@2@V?$Local@VSignature@v8@@@2@H@Z 10003814 f   node:node.exe
 0001:0000281e       __imp_load_?NewFromUtf8@String@v8@@SA?AV?$Local@VString@v8@@@2@PAVIsolate@2@PBDW4NewStringType@12@H@Z 1000381e f   node:node.exe
 0001:00002828       __imp_load_?New@Number@v8@@SA?AV?$Local@VNumber@v8@@@2@PAVIsolate@2@N@Z 10003828 f   node:node.exe
 0001:00002832       __imp_load_?Set@Object@v8@@QAE_NV?$Local@VValue@v8@@@2@0@Z 10003832 f   node:node.exe
 0001:0000283c       __imp_load_?SetName@Function@v8@@QAEXV?$Local@VString@v8@@@2@@Z 1000383c f   node:node.exe
 0001:00002846       __imp_load__node_module_register 10003846 f   node:node.exe
 0001:00002850       ??0_Init_locks@std@@QAE@XZ 10003850 f   libcpmt:xlock.obj
 0001:0000287d       ??0_Lockit@std@@QAE@H@Z    1000387d f   libcpmt:xlock.obj
 0001:000028ae       ??1_Init_locks@std@@QAE@XZ 100038ae f   libcpmt:xlock.obj
 0001:000028d5       ??1_Lockit@std@@QAE@XZ     100038d5 f   libcpmt:xlock.obj
 0001:000028f4       ??$_Fgetc@D@std@@YA_NAADPAU_iobuf@@@Z 100038f4 f i libcpmt:cout.obj
 0001:00002914       ??$_Fputc@D@std@@YA_NDPAU_iobuf@@@Z 10003914 f i libcpmt:cout.obj
 0001:00002930       ??$_Ungetc@D@std@@YA_NABDPAU_iobuf@@@Z 10003930 f i libcpmt:cout.obj
 0001:0000294e       ??$use_facet@V?$codecvt@DDU_Mbstatet@@@std@@@std@@YAABV?$codecvt@DDU_Mbstatet@@@0@ABVlocale@0@@Z 1000394e f i libcpmt:cout.obj
 0001:000029eb       ??0?$basic_ostream@DU?$char_traits@D@std@@@std@@QAE@PAV?$basic_streambuf@DU?$char_traits@D@std@@@1@_N@Z 100039eb f i libcpmt:cout.obj
 0001:00002a52       ??0?$basic_streambuf@DU?$char_traits@D@std@@@std@@IAE@XZ 10003a52 f i libcpmt:cout.obj
 0001:00002a99       ??0?$fpos@U_Mbstatet@@@std@@QAE@U_Mbstatet@@_J@Z 10003a99 f i libcpmt:cout.obj
 0001:00002ac1       ??0_Init_cout@std@@QAE@XZ  10003ac1 f i libcpmt:cout.obj
 0001:00002b1a       ??0bad_cast@std@@QAE@ABV01@@Z 10003b1a f i libcpmt:cout.obj
 0001:00002b35       ??0bad_cast@std@@QAE@XZ    10003b35 f i libcpmt:cout.obj
 0001:00002b4d       ??0exception@std@@QAE@ABV01@@Z 10003b4d f i libcpmt:cout.obj
 0001:00002b79       ??0exception@std@@QAE@QBD@Z 10003b79 f i libcpmt:cout.obj
 0001:00002bb0       ??1?$basic_filebuf@DU?$char_traits@D@std@@@std@@UAE@XZ 10003bb0 f i libcpmt:cout.obj
 0001:00002c0a       ??1?$basic_ios@DU?$char_traits@D@std@@@std@@UAE@XZ 10003c0a f i libcpmt:cout.obj
 0001:00002c4c       ??1?$basic_streambuf@DU?$char_traits@D@std@@@std@@UAE@XZ 10003c4c f i libcpmt:cout.obj
 0001:00002c6d       ??_D?$basic_ostream@DU?$char_traits@D@std@@@std@@QAEXXZ 10003c6d f i libcpmt:cout.obj
 0001:00002ccd       ??_E?$basic_ostream@DU?$char_traits@D@std@@@std@@$4PPPPPPPM@A@AEPAXI@Z 10003ccd f i libcpmt:cout.obj
 0001:00002cd5       ??_G?$basic_filebuf@DU?$char_traits@D@std@@@std@@UAEPAXI@Z 10003cd5 f i libcpmt:cout.obj
 0001:00002cd5       ??_E?$basic_filebuf@DU?$char_traits@D@std@@@std@@UAEPAXI@Z 10003cd5 f i libcpmt:cout.obj
 0001:00002cf7       ??_G?$basic_ios@DU?$char_traits@D@std@@@std@@UAEPAXI@Z 10003cf7 f i libcpmt:cout.obj
 0001:00002cf7       ??_E?$basic_ios@DU?$char_traits@D@std@@@std@@UAEPAXI@Z 10003cf7 f i libcpmt:cout.obj
 0001:00002d51       ??_E?$basic_ostream@DU?$char_traits@D@std@@@std@@UAEPAXI@Z 10003d51 f i libcpmt:cout.obj
 0001:00002d51       ??_G?$basic_ostream@DU?$char_traits@D@std@@@std@@UAEPAXI@Z 10003d51 f i libcpmt:cout.obj
 0001:00002d76       ??_E?$basic_streambuf@DU?$char_traits@D@std@@@std@@UAEPAXI@Z 10003d76 f i libcpmt:cout.obj
 0001:00002d76       ??_G?$basic_streambuf@DU?$char_traits@D@std@@@std@@UAEPAXI@Z 10003d76 f i libcpmt:cout.obj
 0001:00002d98       ??_G?$codecvt@DDU_Mbstatet@@@std@@MAEPAXI@Z 10003d98 f i libcpmt:cout.obj
 0001:00002d98       ??_E?$codecvt@DDU_Mbstatet@@@std@@MAEPAXI@Z 10003d98 f i libcpmt:cout.obj
 0001:00002dbb       ??_Gios_base@std@@UAEPAXI@Z 10003dbb f i libcpmt:cout.obj
 0001:00002dbb       ??_Eios_base@std@@UAEPAXI@Z 10003dbb f i libcpmt:cout.obj
 0001:00002e15       ?_Endwrite@?$basic_filebuf@DU?$char_traits@D@std@@@std@@IAE_NXZ 10003e15 f i libcpmt:cout.obj
 0001:00002f33       ?_Getcat@?$codecvt@DDU_Mbstatet@@@std@@SAIPAPBVfacet@locale@2@PBV42@@Z 10003f33 f i libcpmt:cout.obj
 0001:00002f9d       ?_Init@?$basic_filebuf@DU?$char_traits@D@std@@@std@@IAEXPAU_iobuf@@W4_Initfl@12@@Z 10003f9d f i libcpmt:cout.obj
 0001:0000301b       ?_Init@?$basic_streambuf@DU?$char_traits@D@std@@@std@@IAEXXZ 1000401b f i libcpmt:cout.obj
 0001:0000305f       ?_Init@ios_base@std@@IAEXXZ 1000405f f i libcpmt:cout.obj
 0001:000030c5       ?_Initcvt@?$basic_filebuf@DU?$char_traits@D@std@@@std@@IAEXPBV?$codecvt@DDU_Mbstatet@@@2@@Z 100040c5 f i libcpmt:cout.obj
 0001:000030fb       ?_Lock@?$basic_filebuf@DU?$char_traits@D@std@@@std@@UAEXXZ 100040fb f i libcpmt:cout.obj
 0001:0000310b       ?_Reset_back@?$basic_filebuf@DU?$char_traits@D@std@@@std@@AAEXXZ 1000410b f i libcpmt:cout.obj
 0001:0000312e       ?_Set_back@?$basic_filebuf@DU?$char_traits@D@std@@@std@@AAEXXZ 1000412e f i libcpmt:cout.obj
 0001:00003164       ?_Unlock@?$basic_filebuf@DU?$char_traits@D@std@@@std@@UAEXXZ 10004164 f i libcpmt:cout.obj
 0001:00003174       ?assign@?$basic_string@DU?$char_traits@D@std@@V?$allocator@D@2@@std@@QAEAAV12@ID@Z 10004174 f i libcpmt:cout.obj
 0001:000031bd       ?close@?$basic_filebuf@DU?$char_traits@D@std@@@std@@QAEPAV12@XZ 100041bd f i libcpmt:cout.obj
 0001:0000321c       ?do_encoding@codecvt_base@std@@MBEHXZ 1000421c f i libcpmt:cout.obj
 0001:0000321c       ?do_max_length@codecvt_base@std@@MBEHXZ 1000421c f i libcpmt:cout.obj
 0001:0000321c       __get_startup_argv_mode    1000421c f i LIBCMT:argv_mode.obj
 0001:00003220       ?do_length@?$codecvt@DDU_Mbstatet@@@std@@MBEHAAU_Mbstatet@@PBD1I@Z 10004220 f i libcpmt:cout.obj
 0001:00003238       ?do_in@?$codecvt@DDU_Mbstatet@@@std@@MBEHAAU_Mbstatet@@PBD1AAPBDPAD3AAPAD@Z 10004238 f i libcpmt:cout.obj
 0001:00003238       ?do_out@?$codecvt@DDU_Mbstatet@@@std@@MBEHAAU_Mbstatet@@PBD1AAPBDPAD3AAPAD@Z 10004238 f i libcpmt:cout.obj
 0001:00003252       ?do_unshift@?$codecvt@DDU_Mbstatet@@@std@@MBEHAAU_Mbstatet@@PAD1AAPAD@Z 10004252 f i libcpmt:cout.obj
 0001:00003263       ?imbue@?$basic_filebuf@DU?$char_traits@D@std@@@std@@MAEXABVlocale@2@@Z 10004263 f i libcpmt:cout.obj
 0001:0000327f       ?init@?$basic_ios@DU?$char_traits@D@std@@@std@@IAEXPAV?$basic_streambuf@DU?$char_traits@D@std@@@2@_N@Z 1000427f f i libcpmt:cout.obj
 0001:000032c8       ?overflow@?$basic_filebuf@DU?$char_traits@D@std@@@std@@MAEHH@Z 100042c8 f i libcpmt:cout.obj
 0001:00003466       ?pbackfail@?$basic_filebuf@DU?$char_traits@D@std@@@std@@MAEHH@Z 10004466 f i libcpmt:cout.obj
 0001:000034ed       ?overflow@?$basic_streambuf@DU?$char_traits@D@std@@@std@@MAEHH@Z 100044ed f i libcpmt:cout.obj
 0001:000034ed       ?pbackfail@?$basic_streambuf@DU?$char_traits@D@std@@@std@@MAEHH@Z 100044ed f i libcpmt:cout.obj
 0001:000034f3       ?seekoff@?$basic_filebuf@DU?$char_traits@D@std@@@std@@MAE?AV?$fpos@U_Mbstatet@@@2@_JHH@Z 100044f3 f i libcpmt:cout.obj
 0001:000035b4       ?seekoff@?$basic_streambuf@DU?$char_traits@D@std@@@std@@MAE?AV?$fpos@U_Mbstatet@@@2@_JHH@Z 100045b4 f i libcpmt:cout.obj
 0001:000035de       ?seekpos@?$basic_filebuf@DU?$char_traits@D@std@@@std@@MAE?AV?$fpos@U_Mbstatet@@@2@V32@H@Z 100045de f i libcpmt:cout.obj
 0001:0000369e       ?seekpos@?$basic_streambuf@DU?$char_traits@D@std@@@std@@MAE?AV?$fpos@U_Mbstatet@@@2@V32@H@Z 1000469e f i libcpmt:cout.obj
 0001:000036c8       ?setbuf@?$basic_filebuf@DU?$char_traits@D@std@@@std@@MAEPAV?$basic_streambuf@DU?$char_traits@D@std@@@2@PAD_J@Z 100046c8 f i libcpmt:cout.obj
 0001:00003716       ?setbuf@?$basic_streambuf@DU?$char_traits@D@std@@@std@@MAEPAV12@PAD_J@Z 10004716 f i libcpmt:cout.obj
 0001:0000371b       ?showmanyc@?$basic_streambuf@DU?$char_traits@D@std@@@std@@MAE_JXZ 1000471b f i libcpmt:cout.obj
 0001:00003720       ?sync@?$basic_filebuf@DU?$char_traits@D@std@@@std@@MAEHXZ 10004720 f i libcpmt:cout.obj
 0001:00003758       ?sync@?$basic_streambuf@DU?$char_traits@D@std@@@std@@MAEHXZ 10004758 f i libcpmt:cout.obj
 0001:0000375b       ?uflow@?$basic_filebuf@DU?$char_traits@D@std@@@std@@MAEHXZ 1000475b f i libcpmt:cout.obj
 0001:000038fa       ?uflow@?$basic_streambuf@DU?$char_traits@D@std@@@std@@MAEHXZ 100048fa f i libcpmt:cout.obj
 0001:0000392c       ?underflow@?$basic_filebuf@DU?$char_traits@D@std@@@std@@MAEHXZ 1000492c f i libcpmt:cout.obj
 0001:0000397a       ?underflow@?$basic_streambuf@DU?$char_traits@D@std@@@std@@MAEHXZ 1000497a f i libcpmt:cout.obj
 0001:0000397e       ?what@exception@std@@UBEPBDXZ 1000497e f i libcpmt:cout.obj
 0001:0000398b       ?xsgetn@?$basic_streambuf@DU?$char_traits@D@std@@@std@@MAE_JPAD_J@Z 1000498b f i libcpmt:cout.obj
 0001:00003a84       ?xsputn@?$basic_streambuf@DU?$char_traits@D@std@@@std@@MAE_JPBD_J@Z 10004a84 f i libcpmt:cout.obj
 0001:00003bfe       ??0_Locimp@locale@std@@AAE@_N@Z 10004bfe f i libcpmt:locale0.obj
 0001:00003c41       ??1_Fac_node@std@@QAE@XZ   10004c41 f i libcpmt:locale0.obj
 0001:00003ca0       ??1_Fac_tidy_reg_t@std@@QAE@XZ 10004ca0 f i libcpmt:locale0.obj
 0001:00003cc7       ??1_Locimp@locale@std@@MAE@XZ 10004cc7 f i libcpmt:locale0.obj
 0001:00003d22       ??4?$_Yarn@D@std@@QAEAAV01@PBD@Z 10004d22 f i libcpmt:locale0.obj
 0001:00003d76       ??_G_Locimp@locale@std@@MAEPAXI@Z 10004d76 f i libcpmt:locale0.obj
 0001:00003d76       ??_E_Locimp@locale@std@@MAEPAXI@Z 10004d76 f i libcpmt:locale0.obj
 0001:00003d98       ?_Facet_Register@std@@YAXPAV_Facet_base@1@@Z 10004d98 f   libcpmt:locale0.obj
 0001:00003dc6       ?_Getgloballocale@locale@std@@CAPAV_Locimp@12@XZ 10004dc6 f   libcpmt:locale0.obj
 0001:00003dcc       ?_Init@locale@std@@CAPAV_Locimp@12@_N@Z 10004dcc f   libcpmt:locale0.obj
 0001:00003e5a       ?_Locimp_dtor@_Locimp@locale@std@@CAXPAV123@@Z 10004e5a f   libcpmt:locale0.obj
 0001:00003ecf       ?_Locinfo_ctor@_Locinfo@std@@SAXPAV12@PBD@Z 10004ecf f   libcpmt:locale0.obj
 0001:00003f1a       ?_Locinfo_dtor@_Locinfo@std@@SAXPAV12@@Z 10004f1a f   libcpmt:locale0.obj
 0001:00003f3c       ?_New_Locimp@_Locimp@locale@std@@CAPAV123@_N@Z 10004f3c f   libcpmt:locale0.obj
 0001:00003f61       ?_Setgloballocale@locale@std@@CAXPAX@Z 10004f61 f   libcpmt:locale0.obj
 0001:00003f89       __Deletegloballocale       10004f89 f   libcpmt:locale0.obj
 0001:00003fee       ??0?$basic_istream@DU?$char_traits@D@std@@@std@@QAE@PAV?$basic_streambuf@DU?$char_traits@D@std@@@1@_N@Z 10004fee f i libcpmt:cin.obj
 0001:0000405a       ??_D?$basic_istream@DU?$char_traits@D@std@@@std@@QAEXXZ 1000505a f i libcpmt:cin.obj
 0001:000040ba       ??_E?$basic_istream@DU?$char_traits@D@std@@@std@@$4PPPPPPPM@A@AEPAXI@Z 100050ba f i libcpmt:cin.obj
 0001:000040c2       ??_E?$basic_istream@DU?$char_traits@D@std@@@std@@UAEPAXI@Z 100050c2 f i libcpmt:cin.obj
 0001:000040c2       ??_G?$basic_istream@DU?$char_traits@D@std@@@std@@UAEPAXI@Z 100050c2 f i libcpmt:cin.obj
 0001:000040e7       ??0bad_alloc@std@@QAE@ABV01@@Z 100050e7 f i libcpmt:xthrow.obj
 0001:00004102       ??0bad_alloc@std@@QAE@XZ   10005102 f i libcpmt:xthrow.obj
 0001:0000411a       ??0length_error@std@@QAE@ABV01@@Z 1000511a f i libcpmt:xthrow.obj
 0001:00004135       ??0length_error@std@@QAE@PBD@Z 10005135 f i libcpmt:xthrow.obj
 0001:00004156       ??0logic_error@std@@QAE@ABV01@@Z 10005156 f i libcpmt:xthrow.obj
 0001:00004171       ??0out_of_range@std@@QAE@ABV01@@Z 10005171 f i libcpmt:xthrow.obj
 0001:0000418c       ??0out_of_range@std@@QAE@PBD@Z 1000518c f i libcpmt:xthrow.obj
 0001:000041ad       ??1bad_alloc@std@@UAE@XZ   100051ad f i libcpmt:xthrow.obj
 0001:000041ad       ??1bad_exception@std@@UAE@XZ 100051ad f i libvcruntime:frame.obj
 0001:000041ad       ??1out_of_range@std@@UAE@XZ 100051ad f i libcpmt:xthrow.obj
 0001:000041ad       ??1bad_array_new_length@std@@UAE@XZ 100051ad f i LIBCMT:throw_bad_alloc.obj
 0001:000041ad       ??1length_error@std@@UAE@XZ 100051ad f i libcpmt:xthrow.obj
 0001:000041ad       ??1bad_cast@std@@UAE@XZ    100051ad f i libcpmt:cout.obj
 0001:000041be       ?__scrt_throw_std_bad_alloc@@YAXXZ 100051be f   LIBCMT:throw_bad_alloc.obj
 0001:000041be       ?_Xbad_alloc@std@@YAXXZ    100051be f   libcpmt:xthrow.obj
 0001:000041db       ?_Xlength_error@std@@YAXPBD@Z 100051db f   libcpmt:xthrow.obj
 0001:000041fb       ?_Xout_of_range@std@@YAXPBD@Z 100051fb f   libcpmt:xthrow.obj
 0001:0000421b       ??0_Init_cerr@std@@QAE@XZ  1000521b f i libcpmt:cerr.obj
 0001:0000424b       ?_Syserror_map@std@@YAPBDH@Z 1000524b f   libcpmt:syserror.obj
 0001:00004270       __Getctype                 10005270 f   libcpmt:_tolower.obj
 0001:000042db       __Tolower                  100052db f   libcpmt:_tolower.obj
 0001:000043d5       __Toupper                  100053d5 f   libcpmt:_toupper.obj
 0001:000044cf       __Mtxdst                   100054cf f   libcpmt:xmtx.obj
 0001:000044dd       __Mtxinit                  100054dd f   libcpmt:xmtx.obj
 0001:000044f4       __Mtxlock                  100054f4 f   libcpmt:xmtx.obj
 0001:00004502       __Mtxunlock                10005502 f   libcpmt:xmtx.obj
 0001:00004510       ?_Addstd@ios_base@std@@SAXPAV12@@Z 10005510 f   libcpmt:ios.obj
 0001:00004561       ?_Callfns@ios_base@std@@AAEXW4event@12@@Z 10005561 f i libcpmt:ios.obj
 0001:00004593       ?_Ios_base_dtor@ios_base@std@@CAXPAV12@@Z 10005593 f   libcpmt:ios.obj
 0001:000045d3       ?_Tidy@ios_base@std@@AAEXXZ 100055d3 f i libcpmt:ios.obj
 0001:0000461b       ??1_Init_atexit@@QAE@XZ    1000561b f i libcpmt:iosptrs.obj
 0001:0000467f       ?_Atexit@@YAXP6AXXZ@Z      1000567f f   libcpmt:iosptrs.obj
 0001:000046ad       ___local_stdio_printf_options 100056ad f i libcpmt:locale.obj
 0001:000046b3       ___crtLCMapStringA         100056b3 f   libcpmt:StlLCMapStringA.obj
 0001:000048c1       __freea_crt                100058c1 f i libcpmt:StlLCMapStringA.obj
 0001:00004c89       ___crtInitializeCriticalSectionEx 10005c89 f   libcpmt:winapisupp.obj
 0001:00004cc1       _GetTableIndexFromLocaleName 10005cc1 f   libcpmt:winapinls.obj
 0001:00004d0f       ___crtDownlevelLocaleNameToLCID 10005d0f f   libcpmt:winapinls.obj
 0001:00004d39       ___crtLCMapStringEx        10005d39 f   libcpmt:winapinls.obj
 0001:00004d8f       ___wcsnicmp_ascii          10005d8f f   libcpmt:winapinls.obj
 0001:00004e02       @__security_check_cookie@4 10005e02 f   LIBCMT:_secchk_.obj
 0001:00004e13       ??_V@YAXPAX@Z              10005e13 f   LIBCMT:delete_array.obj
 0001:00004ed8       ??$__crt_fast_encode_pointer@P6GHPAU_RTL_CONDITION_VARIABLE@@PAU_RTL_CRITICAL_SECTION@@K@Z@@YAP6GHPAU_RTL_CONDITION_VARIABLE@@PAU_RTL_CRITICAL_SECTION@@K@ZQ6GH01K@Z@Z 10005ed8 f i LIBCMT:thread_safe_statics.obj
 0001:00004ed8       ??$__crt_fast_encode_pointer@P6GXPAU_RTL_CONDITION_VARIABLE@@@Z@@YAP6GXPAU_RTL_CONDITION_VARIABLE@@@ZQ6GX0@Z@Z 10005ed8 f i LIBCMT:thread_safe_statics.obj
 0001:00004ed8       ??$__crt_fast_encode_pointer@PAP6AXXZ@@YAPAP6AXXZQAP6AXXZ@Z 10005ed8 f i LIBCMT:utility.obj
 0001:00004ed8       ??$__crt_fast_encode_pointer@PAX@@YAPAXQAX@Z 10005ed8 f i libvcruntime:winapi_downlevel.obj
 0001:00004f11       __Init_thread_footer       10005f11 f   LIBCMT:thread_safe_statics.obj
 0001:00004f50       __Init_thread_header       10005f50 f   LIBCMT:thread_safe_statics.obj
 0001:00004f96       __Init_thread_lock         10005f96 f   LIBCMT:thread_safe_statics.obj
 0001:00004fa2       __Init_thread_notify       10005fa2 f   LIBCMT:thread_safe_statics.obj
 0001:00004fe3       __Init_thread_unlock       10005fe3 f   LIBCMT:thread_safe_statics.obj
 0001:00004ff1       __Init_thread_wait         10005ff1 f   LIBCMT:thread_safe_statics.obj
 0001:00005056       ??2@YAPAXI@Z               10006056 f   LIBCMT:new_scalar.obj
 0001:000050cd       ___scrt_acquire_startup_lock 100060cd f   LIBCMT:utility.obj
 0001:00005102       ___scrt_dllmain_after_initialize_c 10006102 f   LIBCMT:utility.obj
 0001:0000512d       ___scrt_dllmain_before_initialize_c 1000612d f   LIBCMT:utility.obj
 0001:0000513b       ___scrt_dllmain_crt_thread_attach 1000613b f   LIBCMT:utility.obj
 0001:0000515a       ___scrt_dllmain_crt_thread_detach 1000615a f   LIBCMT:utility.obj
 0001:00005167       ___scrt_dllmain_exception_filter 10006167 f   LIBCMT:utility.obj
 0001:0000519a       ___scrt_dllmain_uninitialize_c 1000619a f   LIBCMT:utility.obj
 0001:000051bd       ___scrt_dllmain_uninitialize_critical 100061bd f   LIBCMT:utility.obj
 0001:000051ca       ___scrt_initialize_crt     100061ca f   LIBCMT:utility.obj
 0001:00005203       ___scrt_initialize_onexit_tables 10006203 f   LIBCMT:utility.obj
 0001:0000529a       ___scrt_is_nonwritable_in_current_image 1000629a f   LIBCMT:utility.obj
 0001:00005327       ___scrt_release_startup_lock 10006327 f   LIBCMT:utility.obj
 0001:00005344       ___scrt_uninitialize_crt   10006344 f   LIBCMT:utility.obj
 0001:0000536c       __onexit                   1000636c f   LIBCMT:utility.obj
 0001:000053a7       _atexit                    100063a7 f   LIBCMT:utility.obj
 0001:000053bc       ??3@YAXPAX@Z               100063bc f   LIBCMT:delete_scalar.obj
 0001:000053c1       ??3@YAXPAXI@Z              100063c1 f   LIBCMT:delete_scalar_size.obj
 0001:000053cf       ??_Gtype_info@@UAEPAXI@Z   100063cf f i LIBCMT:std_type_info_static.obj
 0001:000053cf       ??_Etype_info@@UAEPAXI@Z   100063cf f i LIBCMT:std_type_info_static.obj
 0001:0000571a       __DllMainCRTStartup@12     1000671a f   LIBCMT:dll_dllmain.obj
 0001:0000573d       @_guard_check_icall@4      1000673d f i LIBCMT:checkcfg.obj
 0001:00005743       __EH_epilog3               10006743 f   LIBCMT:ehprolg3.obj
 0001:00005758       __EH_epilog3_GS            10006758 f   LIBCMT:ehprolg3.obj
 0001:00005769       __EH_prolog3               10006769 f   LIBCMT:ehprolg3.obj
 0001:0000579d       __EH_prolog3_GS            1000679d f   LIBCMT:ehprolg3.obj
 0001:000057d4       __EH_prolog3_catch         100067d4 f   LIBCMT:ehprolg3.obj
 0001:00005810       __alloca_probe_16          10006810 f   LIBCMT:alloca16.obj
 0001:00005826       __alloca_probe_8           10006826     LIBCMT:alloca16.obj
 0001:00005840       __allmul                   10006840 f   LIBCMT:llmul.obj
 0001:00005880       __aulldiv                  10006880 f   LIBCMT:ulldiv.obj
 0001:000058e8       ___raise_securityfailure   100068e8 f   LIBCMT:gs_report.obj
 0001:00005910       ___report_gsfailure        10006910 f   LIBCMT:gs_report.obj
 0001:00005a0b       ___report_rangecheckfailure 10006a0b f   LIBCMT:gs_report.obj
 0001:00005a17       ___report_securityfailure  10006a17 f   LIBCMT:gs_report.obj
 0001:00005ae7       ___scrt_fastfail           10006ae7 f   LIBCMT:utility_desktop.obj
 0001:00005c02       __crt_debugger_hook        10006c02 f   LIBCMT:utility_desktop.obj
 0001:00005c0a       ??0bad_array_new_length@std@@QAE@ABV01@@Z 10006c0a f i LIBCMT:throw_bad_alloc.obj
 0001:00005c25       ??0bad_array_new_length@std@@QAE@XZ 10006c25 f i LIBCMT:throw_bad_alloc.obj
 0001:00005c3d       ?__scrt_throw_std_bad_array_new_length@@YAXXZ 10006c3d f   LIBCMT:throw_bad_alloc.obj
 0001:00005c5a       ___isa_available_init      10006c5a f   LIBCMT:_cpu_disp_.obj
 0001:00005dfb       ___scrt_is_ucrt_dll_in_use 10006dfb f   LIBCMT:ucrt_detection.obj
 0001:00005e10       __SEH_prolog4              10006e10 f   LIBCMT:_sehprolg4_.obj
 0001:00005e56       __SEH_epilog4              10006e56 f   LIBCMT:_sehprolg4_.obj
 0001:00005e6b       ___security_init_cookie    10006e6b f   LIBCMT:gs_support.obj
 0001:00005f07       _DllMain@12                10006f07 f   LIBCMT:dll_dllmain_stub.obj
 0001:00005f0d       ?__scrt_initialize_type_info@@YAXXZ 10006f0d f   LIBCMT:tncleanup.obj
 0001:00005f19       ?__scrt_uninitialize_type_info@@YAXXZ 10006f19 f   LIBCMT:tncleanup.obj
 0001:00005f25       ___local_stdio_scanf_options 10006f25 f i LIBCMT:default_local_stdio_options.obj
 0001:00005f2b       ___scrt_initialize_default_local_stdio_options 10006f2b f   LIBCMT:default_local_stdio_options.obj
 0001:00005f48       ___scrt_get_dyn_tls_init_callback 10006f48 f   LIBCMT:dyn_tls_init.obj
 0001:00005f4e       __RTC_Initialize           10006f4e f   LIBCMT:_initsect_.obj
 0001:00005f79       __RTC_Terminate            10006f79 f   LIBCMT:_initsect_.obj
 0001:00005fb0       __alloca_probe             10006fb0 f   LIBCMT:chkstk.obj
 0001:00005fb0       __chkstk                   10006fb0 f   LIBCMT:chkstk.obj
 0001:00005fe0       _memmove                   10006fe0 f   libvcruntime:memmove.obj
 0001:00006554       __get_purecall_handler     10007554 f   libvcruntime:purevirt.obj
 0001:00006573       __purecall                 10007573 f   libvcruntime:purevirt.obj
 0001:0000658e       ___DestructExceptionObject 1000758e f   libvcruntime:frame.obj
 0001:00006622       ??0bad_exception@std@@QAE@ABV01@@Z 10007622 f i libvcruntime:frame.obj
 0001:0000663d       ??0bad_exception@std@@QAE@XZ 1000763d f i libvcruntime:frame.obj
 0001:00006655       ??_Elength_error@std@@UAEPAXI@Z 10007655 f i libcpmt:xthrow.obj
 0001:00006655       ??_Ebad_cast@std@@UAEPAXI@Z 10007655 f i libcpmt:cout.obj
 0001:00006655       ??_Glogic_error@std@@UAEPAXI@Z 10007655 f i libcpmt:xthrow.obj
 0001:00006655       ??_Gbad_cast@std@@UAEPAXI@Z 10007655 f i libcpmt:cout.obj
 0001:00006655       ??_Gbad_exception@std@@UAEPAXI@Z 10007655 f i libvcruntime:frame.obj
 0001:00006655       ??_Gbad_alloc@std@@UAEPAXI@Z 10007655 f i libcpmt:xthrow.obj
 0001:00006655       ??_Eout_of_range@std@@UAEPAXI@Z 10007655 f i libcpmt:xthrow.obj
 0001:00006655       ??_Ebad_alloc@std@@UAEPAXI@Z 10007655 f i libcpmt:xthrow.obj
 0001:00006655       ??_Gexception@std@@UAEPAXI@Z 10007655 f i libcpmt:cout.obj
 0001:00006655       ??_Ebad_exception@std@@UAEPAXI@Z 10007655 f i libvcruntime:frame.obj
 0001:00006655       ??_Eexception@std@@UAEPAXI@Z 10007655 f i libcpmt:cout.obj
 0001:00006655       ??_Gbad_array_new_length@std@@UAEPAXI@Z 10007655 f i LIBCMT:throw_bad_alloc.obj
 0001:00006655       ??_Ebad_array_new_length@std@@UAEPAXI@Z 10007655 f i LIBCMT:throw_bad_alloc.obj
 0001:00006655       ??_Gout_of_range@std@@UAEPAXI@Z 10007655 f i libcpmt:xthrow.obj
 0001:00006655       ??_Elogic_error@std@@UAEPAXI@Z 10007655 f i libcpmt:xthrow.obj
 0001:00006655       ??_Glength_error@std@@UAEPAXI@Z 10007655 f i libcpmt:xthrow.obj
 0001:00006e94       ?_CallMemberFunction2@@YGXQAX00H@Z 10007e94 f i libvcruntime:frame.obj
 0001:00006e94       ?_CallMemberFunction0@@YGXQAX0@Z 10007e94 f i libvcruntime:frame.obj
 0001:00006e94       ?_CallMemberFunction1@@YGXQAX00@Z 10007e94 f i libvcruntime:frame.obj
 0001:00006e9b       ___AdjustPointer           10007e9b f   libvcruntime:frame.obj
 0001:00006ec0       ___BuildCatchObject        10007ec0 f   libvcruntime:frame.obj
 0001:00006f52       ___BuildCatchObjectHelper  10007f52 f   libvcruntime:frame.obj
 0001:00007084       ___FrameUnwindFilter       10008084 f   libvcruntime:frame.obj
 0001:000070c9       ___FrameUnwindToState      100080c9 f   libvcruntime:frame.obj
 0001:00007191       ___InternalCxxFrameHandler 10008191 f   libvcruntime:frame.obj
 0001:0000728d       ___TypeMatch               1000828d f   libvcruntime:frame.obj
 0001:0000731b       ___std_terminate           1000831b f   libvcruntime:frame.obj
 0001:00007320       ___std_exception_copy      10008320 f   libvcruntime:std_exception.obj
 0001:00007383       ___std_exception_destroy   10008383 f   libvcruntime:std_exception.obj
 0001:000073a2       __CxxThrowException@8      100083a2 f   libvcruntime:throw.obj
 0001:00007410       ?_CallCatchBlock2@@YAPAXPAUEHRegistrationNode@@PBU_s_FuncInfo@@PAXHK@Z 10008410 f   libvcruntime:trnsctrl.obj
 0001:00007470       ?_CallSETranslator@@YAHPAUEHExceptionRecord@@PAUEHRegistrationNode@@PAX2PBU_s_FuncInfo@@H1@Z 10008470 f   libvcruntime:trnsctrl.obj
 0001:0000754d       ?_GetRangeOfTrysToCheck@@YAPBU_s_TryBlockMapEntry@@PBU_s_FuncInfo@@HHPAI1@Z 1000854d f   libvcruntime:trnsctrl.obj
 0001:000075c5       ?_JumpToContinuation@@YGXPAXPAUEHRegistrationNode@@@Z 100085c5 f   libvcruntime:trnsctrl.obj
 0001:000075f7       ?_UnwindNestedFrames@@YGXPAUEHRegistrationNode@@PAUEHExceptionRecord@@@Z 100085f7 f   libvcruntime:trnsctrl.obj
 0001:0000764c       __CatchGuardHandler        1000864c f   libvcruntime:trnsctrl.obj
 0001:0000767d       __CreateFrameInfo          1000867d f   libvcruntime:trnsctrl.obj
 0001:000076a1       __FindAndUnlinkFrame       100086a1 f   libvcruntime:trnsctrl.obj
 0001:000076eb       __IsExceptionObjectToBeDestroyed 100086eb f   libvcruntime:trnsctrl.obj
 0001:00007711       __TranslatorGuardHandler   10008711 f   libvcruntime:trnsctrl.obj
 0001:000077b0       ___CxxFrameHandler3        100087b0 f   libvcruntime:trnsctrl.obj
 0001:000077f0       _memcpy                    100087f0 f   libvcruntime:memcpy.obj
 0001:00007d70       _memset                    10008d70 f   libvcruntime:memset.obj
 0001:00007ed0       _memchr                    10008ed0 f   libvcruntime:memchr.obj
 0001:00007f7d       _memcmp                    10008f7d f   libvcruntime:_memcmp_.obj
 0001:0000981e       ___vcrt_EventRegister      1000a81e f   libvcruntime:winapi_downlevel.obj
 0001:0000985e       ___vcrt_EventSetInformation 1000a85e f   libvcruntime:winapi_downlevel.obj
 0001:000098a1       ___vcrt_EventUnregister    1000a8a1 f   libvcruntime:winapi_downlevel.obj
 0001:000098db       ___vcrt_EventWriteTransfer 1000a8db f   libvcruntime:winapi_downlevel.obj
 0001:00009924       ___vcrt_FlsAlloc           1000a924 f   libvcruntime:winapi_downlevel.obj
 0001:0000995e       ___vcrt_FlsFree            1000a95e f   libvcruntime:winapi_downlevel.obj
 0001:00009998       ___vcrt_FlsGetValue        1000a998 f   libvcruntime:winapi_downlevel.obj
 0001:000099d2       ___vcrt_FlsSetValue        1000a9d2 f   libvcruntime:winapi_downlevel.obj
 0001:00009a0f       ___vcrt_InitializeCriticalSectionEx 1000aa0f f   libvcruntime:winapi_downlevel.obj
 0001:00009a55       ___vcrt_initialize_winapi_thunks 1000aa55 f   libvcruntime:winapi_downlevel.obj
 0001:00009a79       ___vcrt_uninitialize_winapi_thunks 1000aa79 f   libvcruntime:winapi_downlevel.obj
 0001:00009aab       ___vcrt_initialize         1000aaab f   libvcruntime:initialization.obj
 0001:00009ad9       ___vcrt_thread_attach      1000aad9 f   libvcruntime:initialization.obj
 0001:00009ae4       ___vcrt_thread_detach      1000aae4 f   libvcruntime:initialization.obj
 0001:00009aef       ___vcrt_uninitialize       1000aaef f   libvcruntime:initialization.obj
 0001:00009b13       ___vcrt_uninitialize_critical 1000ab13 f   libvcruntime:initialization.obj
 0001:00009b60       __except_handler4          1000ab60 f   libvcruntime:_chandler4_.obj
 0001:00009cf4       ___telemetry_main_invoke_trigger 1000acf4 f   libvcruntime:telemetry.obj
 0001:00009d90       ___telemetry_main_return_trigger 1000ad90 f   libvcruntime:telemetry.obj
 0001:00009e2c       ___vcrt_initialize_telemetry_provider 1000ae2c f   libvcruntime:telemetry.obj
 0001:00009e3f       ___vcrt_uninitialize_telemetry_provider 1000ae3f f   libvcruntime:telemetry.obj
 0001:00009e4b       ___std_type_info_compare   1000ae4b f   libvcruntime:std_type_info.obj
 0001:00009e87       ___std_type_info_destroy_list 1000ae87 f   libvcruntime:std_type_info.obj
 0001:00009eaa       ___vcrt_initialize_pure_virtual_call_handler 1000aeaa f   libvcruntime:purevirt_data.obj
 0001:00009ec7       _unexpected                1000aec7 f   libvcruntime:unexpected.obj
 0001:00009ee3       ___vcrt_freefls@4          1000aee3 f   libvcruntime:per_thread_data.obj
 0001:00009eff       ___vcrt_freeptd            1000aeff f   libvcruntime:per_thread_data.obj
 0001:00009f35       ___vcrt_getptd             1000af35 f   libvcruntime:per_thread_data.obj
 0001:00009f43       ___vcrt_getptd_noexit      1000af43 f   libvcruntime:per_thread_data.obj
 0001:00009fd5       ___vcrt_initialize_ptd     1000afd5 f   libvcruntime:per_thread_data.obj
 0001:0000a008       ___vcrt_uninitialize_ptd   1000b008 f   libvcruntime:per_thread_data.obj
 0001:0000a030       __CallSettingFrame@12      1000b030 f   libvcruntime:lowhelpr.obj
 0001:0000a057       __NLG_Return               1000b057     libvcruntime:lowhelpr.obj
 0001:0000a07c       ___vcrt_initialize_locks   1000b07c f   libvcruntime:locks.obj
 0001:0000a0b8       ___vcrt_uninitialize_locks 1000b0b8 f   libvcruntime:locks.obj
 0001:0000a0f0       __local_unwind4            1000b0f0 f   libvcruntime:_exsup4_.obj
 0001:0000a1c6       __seh_longjmp_unwind4@4    1000b1c6 f   libvcruntime:_exsup4_.obj
 0001:0000a1ee       @_EH4_CallFilterFunc@8     1000b1ee f   libvcruntime:_exsup4_.obj
 0001:0000a205       @_EH4_TransferToHandler@8  1000b205 f   libvcruntime:_exsup4_.obj
 0001:0000a21e       @_EH4_GlobalUnwind2@8      1000b21e f   libvcruntime:_exsup4_.obj
 0001:0000a237       @_EH4_LocalUnwind@16       1000b237 f   libvcruntime:_exsup4_.obj
 0001:0000a250       __global_unwind2           1000b250 f   libvcruntime:_exsup_.obj
 0001:0000a2b5       __local_unwind2            1000b2b5 f   libvcruntime:_exsup_.obj
 0001:0000a339       __abnormal_termination     1000b339 f   libvcruntime:_exsup_.obj
 0001:0000a35c       __NLG_Notify1              1000b35c f   libvcruntime:_exsup_.obj
 0001:0000a365       __NLG_Notify               1000b365 f   libvcruntime:_exsup_.obj
 0001:0000a37c       __NLG_Dispatch             1000b37c     libvcruntime:_exsup_.obj
 0001:0000a37c       __NLG_Dispatch2            1000b37c     libvcruntime:_exsup_.obj
 0001:0000a384       __NLG_Call                 1000b384 f   libvcruntime:_exsup_.obj
 0001:0000a386       __NLG_Return2              1000b386     libvcruntime:_exsup_.obj
 0001:0000a387       _abort                     1000b387 f   libucrt:abort.obj
 0001:0000a3ca       ___acrt_call_reportfault   1000b3ca f   libucrt:invalid_parameter.obj
 0001:0000a505       ___acrt_initialize_invalid_parameter_handler 1000b505 f   libucrt:invalid_parameter.obj
 0001:0000a519       __invalid_parameter        1000b519 f   libucrt:invalid_parameter.obj
 0001:0000a594       __invalid_parameter_noinfo 1000b594 f   libucrt:invalid_parameter.obj
 0001:0000a5a4       __invalid_parameter_noinfo_noreturn 1000b5a4 f   libucrt:invalid_parameter.obj
 0001:0000a5c1       __invoke_watson            1000b5c1 f   libucrt:invalid_parameter.obj
 0001:0000a5f4       _free                      1000b5f4 f   libucrt:free.obj
 0001:0000a5f9       ??$is_overflow_condition@K@__crt_strtox@@YA_NIK@Z 1000b5f9 f i libucrt:atox.obj
 0001:0000a62c       ??$make_c_string_character_source@_W$$T@__crt_strtox@@YA?AV?$c_string_character_source@_W@0@QB_W$$T@Z 1000b62c f i libucrt:atox.obj
 0001:0000a62c       ??$make_c_string_character_source@D$$T@__crt_strtox@@YA?AV?$c_string_character_source@D@0@QBD$$T@Z 1000b62c f i libucrt:atox.obj
 0001:0000a647       ??$parse_integer@KV?$c_string_character_source@D@__crt_strtox@@@__crt_strtox@@YAKQAU__crt_locale_pointers@@V?$c_string_character_source@D@0@H_N@Z 1000b647 f i libucrt:atox.obj
 0001:0000a86f       ??$parse_integer@KV?$c_string_character_source@_W@__crt_strtox@@@__crt_strtox@@YAKQAU__crt_locale_pointers@@V?$c_string_character_source@_W@0@H_N@Z 1000b86f f i libucrt:atox.obj
 0001:0000af54       ??0_LocaleUpdate@@QAE@QAU__crt_locale_pointers@@@Z 1000bf54 f i libucrt:atox.obj
 0001:0000afd7       ?unget@?$c_string_character_source@D@__crt_strtox@@QAEXD@Z 1000bfd7 f i libucrt:atox.obj
 0001:0000afff       ?unget@?$c_string_character_source@_W@__crt_strtox@@QAEX_W@Z 1000bfff f i libucrt:atox.obj
 0001:0000b02b       ?validate@?$c_string_character_source@_W@__crt_strtox@@QBE_NXZ 1000c02b f i libucrt:atox.obj
 0001:0000b02b       ?validate@?$c_string_character_source@D@__crt_strtox@@QBE_NXZ 1000c02b f i libucrt:atox.obj
 0001:0000b046       __chvalidchk_l             1000c046 f i libucrt:atox.obj
 0001:0000b070       __ischartype_l             1000c070 f i libucrt:atox.obj
 0001:0000b0a3       __wtol                     1000c0a3 f   libucrt:atox.obj
 0001:0000b0cd       _atoi                      1000c0cd f   libucrt:atox.obj
 0001:0000b0f7       ___ascii_stricmp           1000c0f7 f   libucrt:stricmp.obj
 0001:0000b132       __stricmp                  1000c132 f   libucrt:stricmp.obj
 0001:0000b17a       __stricmp_l                1000c17a f   libucrt:stricmp.obj
 0001:0000b214       ___acrt_initialize_locks   1000c214 f   libucrt:locks.obj
 0001:0000b255       ___acrt_lock               1000c255 f   libucrt:locks.obj
 0001:0000b26c       ___acrt_uninitialize_locks 1000c26c f   libucrt:locks.obj
 0001:0000b29d       ___acrt_unlock             1000c29d f   libucrt:locks.obj
 0001:0000b2b4       __lock_locales             1000c2b4 f   libucrt:locks.obj
 0001:0000b2bd       __unlock_locales           1000c2bd f   libucrt:locks.obj
 0001:0000b2c6       ___acrt_errno_from_os_error 1000c2c6 f   libucrt:errno.obj
 0001:0000b309       ___acrt_errno_map_os_error 1000c309 f   libucrt:errno.obj
 0001:0000b32c       ___doserrno                1000c32c f   libucrt:errno.obj
 0001:0000b33f       __errno                    1000c33f f   libucrt:errno.obj
 0001:0000b352       ___acrt_initialize_stdio   1000c352 f   libucrt:_file.obj
 0001:0000b41a       ___acrt_iob_func           1000c41a f   libucrt:_file.obj
 0001:0000b42a       ___acrt_uninitialize_stdio 1000c42a f   libucrt:_file.obj
 0001:0000b476       __get_stream_buffer_pointers 1000c476 f   libucrt:_file.obj
 0001:0000b4bc       __lock_file                1000c4bc f   libucrt:_file.obj
 0001:0000b4d0       __unlock_file              1000c4d0 f   libucrt:_file.obj
 0001:0000b4e4       __fclose_nolock            1000c4e4 f   libucrt:fclose.obj
 0001:0000b55a       _fclose                    1000c55a f   libucrt:fclose.obj
 0001:0000b5da       ___acrt_stdio_flush_nolock 1000c5da f   libucrt:fflush.obj
 0001:0000b640       __fflush_nolock            1000c640 f   libucrt:fflush.obj
 0001:0000b687       __flushall                 1000c687 f   libucrt:fflush.obj
 0001:0000b768       _fflush                    1000c768 f   libucrt:fflush.obj
 0001:0000b7c1       __fgetc_nolock             1000c7c1 f   libucrt:fgetc.obj
 0001:0000b7fd       _fgetc                     1000c7fd f   libucrt:fgetc.obj
 0001:0000b8ff       _fgetpos                   1000c8ff f   libucrt:fgetpos.obj
 0001:0000b95a       __fputc_nolock             1000c95a f   libucrt:fputc.obj
 0001:0000b983       _fputc                     1000c983 f   libucrt:fputc.obj
 0001:0000ba87       _fsetpos                   1000ca87 f   libucrt:fsetpos.obj
 0001:0000bac2       ?LongLongSub@@YAJ_J0PA_J@Z 1000cac2 f i libucrt:fseek.obj
 0001:0000bd7c       __fseeki64                 1000cd7c f   libucrt:fseek.obj
 0001:0000bd97       ??$?RV<lambda_11b4f7b0d3157825a5656a18eba1ae27>@@AAV<lambda_b51c0495177f500e782686251704ae76>@@V<lambda_cf89b47920b5017557bfe891e78aca36>@@@?$__crt_seh_guarded_call@I@@QAEI$$QAV<lambda_11b4f7b0d3157825a5656a18eba1ae27>@@AAV<lambda_b51c0495177f500e782686251704ae76>@@$$QAV<lambda_cf89b47920b5017557bfe891e78aca36>@@@Z 1000cd97 f i libucrt:fwrite.obj
 0001:0000bde8       ??$__acrt_lock_stream_and_call@V<lambda_b51c0495177f500e782686251704ae76>@@@@YAIQAU_iobuf@@$$QAV<lambda_b51c0495177f500e782686251704ae76>@@@Z 1000cde8 f i libucrt:fwrite.obj
 0001:0000be56       __fwrite_nolock            1000ce56 f   libucrt:fwrite.obj
 0001:0000bfcf       _fwrite                    1000cfcf f   libucrt:fwrite.obj
 0001:0000c027       ??$?RV<lambda_d92cfe8357b99225085016881b624cb0>@@AAV<lambda_b721fa326cdb32351d23dfa67958c160>@@V<lambda_42d75b0848218ec137fa420c8ba9fdf9>@@@?$__crt_seh_guarded_call@H@@QAEH$$QAV<lambda_d92cfe8357b99225085016881b624cb0>@@AAV<lambda_b721fa326cdb32351d23dfa67958c160>@@$$QAV<lambda_42d75b0848218ec137fa420c8ba9fdf9>@@@Z 1000d027 f i libucrt:setvbuf.obj
 0001:0000c078       ??$__acrt_lock_stream_and_call@V<lambda_b721fa326cdb32351d23dfa67958c160>@@@@YAHQAU_iobuf@@$$QAV<lambda_b721fa326cdb32351d23dfa67958c160>@@@Z 1000d078 f i libucrt:setvbuf.obj
 0001:0000c16d       _setvbuf                   1000d16d f   libucrt:setvbuf.obj
 0001:0000c1e3       __ungetc_nolock            1000d1e3 f   libucrt:ungetc.obj
 0001:0000c2d2       _ungetc                    1000d2d2 f   libucrt:ungetc.obj
 0001:0000c342       _malloc                    1000d342 f   libucrt:malloc.obj
 0001:0000c3ea       _setlocale                 1000d3ea f   libucrt:setlocale.obj
 0001:0000c547       __calloc_base              1000d547 f   libucrt:calloc_base.obj
 0001:0000c5a4       ___pctype_func             1000d5a4 f   libucrt:ctype.obj
 0001:0000c5ca       __islower_l                1000d5ca f i libucrt:_ctype.obj
 0001:0000c602       __isupper_l                1000d602 f i libucrt:_ctype.obj
 0001:0000c63a       _islower                   1000d63a f i libucrt:_ctype.obj
 0001:0000c667       _isupper                   1000d667 f i libucrt:_ctype.obj
 0001:0000c694       __wcsdup                   1000d694 f   libucrt:wcsdup.obj
 0001:0000c6f5       ____lc_codepage_func       1000d6f5 f   libucrt:initctype.obj
 0001:0000c71c       ____lc_locale_name_func    1000d71c f   libucrt:initctype.obj
 0001:0000c745       ___acrt_locale_initialize_ctype 1000d745 f   libucrt:initctype.obj
 0001:0000cae3       __malloc_base              1000dae3 f   libucrt:malloc_base.obj
 0001:0000cb31       __realloc_base             1000db31 f   libucrt:realloc_base.obj
 0001:0000cba0       _strcspn                   1000dba0 f   libucrt:strcspn.obj
 0001:0000cbf0       _pow                       1000dbf0 f   libucrt:pow.obj
 0001:0000cc30       __CIpow                    1000dc30 f   libucrt:pow.obj
 0001:0000cc6b       __CIpow_default            1000dc6b f   libucrt:pow.obj
 0001:0000cc84       __pow_default              1000dc84     libucrt:pow.obj
 0001:0000ce79       ___strncnt                 1000de79 f   libucrt:strncnt.obj
 0001:0000ce95       __free_base                1000de95 f   libucrt:free_base.obj
 0001:0000cf28       __ismbblead                1000df28 f   libucrt:ismbbyte.obj
 0001:0000d0a7       __tolower_l                1000e0a7 f   libucrt:tolower_toupper.obj
 0001:0000d0c1       _wcscpy_s                  1000e0c1 f   libucrt:wcscpy_s.obj
 0001:0000d125       _wcsnlen                   1000e125 f   libucrt:strnlen.obj
 0001:0000d2dc       ___acrt_initialize_new_handler 1000e2dc f   libucrt:new_handler.obj
 0001:0000d2f0       __callnewh                 1000e2f0 f   libucrt:new_handler.obj
 0001:0000d334       __query_new_handler        1000e334 f   libucrt:new_handler.obj
 0001:0000d386       __seh_filter_dll           1000e386 f   libucrt:exception_filter.obj
 0001:0000d3a6       __seh_filter_exe           1000e3a6 f   libucrt:exception_filter.obj
 0001:0000d734       ___acrt_initialize_thread_local_exit_callback 1000e734 f   libucrt:exit.obj
 0001:0000d743       __cexit                    1000e743 f   libucrt:exit.obj
 0001:0000d752       __exit                     1000e752 f   libucrt:exit.obj
 0001:0000d768       __is_c_termination_complete 1000e768 f   libucrt:exit.obj
 0001:0000da07       ___acrt_allocate_buffer_for_argv 1000ea07 f   libucrt:argv_parsing.obj
 0001:0000da5c       __configure_narrow_argv    1000ea5c f   libucrt:argv_parsing.obj
 0001:0000dbc0       ??$uninitialize@A6AXAAPAPAD@Z@?$dual_state_global@PAPAD@__crt_state_management@@QAEXA6AXAAPAPAD@Z@Z 1000ebc0 f i libucrt:environment_initialization.obj
 0001:0000dbc0       ??$uninitialize@A6AXAAPAPA_W@Z@?$dual_state_global@PAPA_W@__crt_state_management@@QAEXA6AXAAPAPA_W@Z@Z 1000ebc0 f i libucrt:environment_initialization.obj
 0001:0000dc36       ___dcrt_uninitialize_environments_nolock 1000ec36 f   libucrt:environment_initialization.obj
 0001:0000dc6d       __initialize_narrow_environment 1000ec6d f   libucrt:environment_initialization.obj
 0001:0000dc72       ??$?RV<lambda_800076c951b434888f4765a74a194fcc>@@AAV<lambda_4e60a939b0d047cfe11ddc22648dfba9>@@V<lambda_6dbb1268764f43b569ce7b67e331d33a>@@@?$__crt_seh_guarded_call@H@@QAEH$$QAV<lambda_800076c951b434888f4765a74a194fcc>@@AAV<lambda_4e60a939b0d047cfe11ddc22648dfba9>@@$$QAV<lambda_6dbb1268764f43b569ce7b67e331d33a>@@@Z 1000ec72 f i libucrt:onexit.obj
 0001:0000dcc3       ??$?RV<lambda_995298e7d72eb4c2aab26c0585b3abe5>@@AAV<lambda_275893d493268fdec8709772e3fcec0e>@@V<lambda_293819299cbf9a7022e18b56a874bb5c>@@@?$__crt_seh_guarded_call@H@@QAEH$$QAV<lambda_995298e7d72eb4c2aab26c0585b3abe5>@@AAV<lambda_275893d493268fdec8709772e3fcec0e>@@$$QAV<lambda_293819299cbf9a7022e18b56a874bb5c>@@@Z 1000ecc3 f i libucrt:onexit.obj
 0001:0000dd14       ??$__acrt_lock_and_call@V<lambda_275893d493268fdec8709772e3fcec0e>@@@@YAHW4__acrt_lock_id@@$$QAV<lambda_275893d493268fdec8709772e3fcec0e>@@@Z 1000ed14 f i libucrt:onexit.obj
 0001:0000dd3c       ??$__acrt_lock_and_call@V<lambda_4e60a939b0d047cfe11ddc22648dfba9>@@@@YAHW4__acrt_lock_id@@$$QAV<lambda_4e60a939b0d047cfe11ddc22648dfba9>@@@Z 1000ed3c f i libucrt:onexit.obj
 0001:0000dfc5       __crt_atexit               1000efc5 f   libucrt:onexit.obj
 0001:0000dfdb       __execute_onexit_table     1000efdb f   libucrt:onexit.obj
 0001:0000dff8       __initialize_onexit_table  1000eff8 f   libucrt:onexit.obj
 0001:0000e035       __register_onexit_function 1000f035 f   libucrt:onexit.obj
 0001:0000e085       ?do_always_noconv@?$codecvt@DDU_Mbstatet@@@std@@MBE_NXZ 1000f085 f   libcpmt:cout.obj
 0001:0000e085       ___acrt_uninitialize_command_line 1000f085 f   libucrt:argv_data.obj
 0001:0000e14d       ?initialize@?$dual_state_global@P6AXPB_W00II@Z@__crt_state_management@@QAEXQ6AXPB_W00II@Z@Z 1000f14d f i libucrt:invalid_parameter.obj
 0001:0000e14d       ?initialize@?$dual_state_global@P6AXH@Z@__crt_state_management@@QAEXQ6AXH@Z@Z 1000f14d f i libucrt:signal.obj
 0001:0000e14d       ?initialize@?$dual_state_global@J@__crt_state_management@@QAEXJ@Z 1000f14d f i libucrt:timeset.obj
 0001:0000e14d       ?initialize@?$dual_state_global@H@__crt_state_management@@QAEXH@Z 1000f14d f i libucrt:timeset.obj
 0001:0000e14d       ?initialize@?$dual_state_global@PAU__crt_locale_data@@@__crt_state_management@@QAEXQAU__crt_locale_data@@@Z 1000f14d f i libucrt:initialization.obj
 0001:0000e14d       ?initialize@?$dual_state_global@PAPAD@__crt_state_management@@QAEXQAPAD@Z 1000f14d f i libucrt:environment_initialization.obj
 0001:0000e14d       ?initialize@?$dual_state_global@P6AHPAU_exception@@@Z@__crt_state_management@@QAEXQ6AHPAU_exception@@@Z@Z 1000f14d f i libucrt:matherr.obj
 0001:0000e14d       ?initialize@?$dual_state_global@P6AHI@Z@__crt_state_management@@QAEXQ6AHI@Z@Z 1000f14d f i libucrt:new_handler.obj
 0001:0000e17e       ___acrt_initialize         1000f17e f   libucrt:initialization.obj
 0001:0000e190       ___acrt_thread_attach      1000f190 f   libucrt:initialization.obj
 0001:0000e19b       ___acrt_thread_detach      1000f19b f   libucrt:initialization.obj
 0001:0000e1a3       ___acrt_uninitialize       1000f1a3 f   libucrt:initialization.obj
 0001:0000e1b5       ___acrt_uninitialize_critical 1000f1b5 f   libucrt:initialization.obj
 0001:0000e1c7       __initterm                 1000f1c7 f   libucrt:initterm.obj
 0001:0000e223       __initterm_e               1000f223 f   libucrt:initterm.obj
 0001:0000e268       _terminate                 1000f268 f   libucrt:terminate.obj
 0001:0000e2a4       _strcpy_s                  1000f2a4 f   libucrt:strcpy_s.obj
 0001:0000e2fe       ??$?RV<lambda_a048d3beccc847880fc8490e18b82769>@@AAV<lambda_ec61778202f4f5fc7e7711acc23c3bca>@@V<lambda_f7496a158712204296dd6628a163878e>@@@?$__crt_seh_guarded_call@P6AXH@Z@@QAEP6AXH@Z$$QAV<lambda_a048d3beccc847880fc8490e18b82769>@@AAV<lambda_ec61778202f4f5fc7e7711acc23c3bca>@@$$QAV<lambda_f7496a158712204296dd6628a163878e>@@@Z 1000f2fe f i libucrt:signal.obj
 0001:0000e358       ??$__acrt_lock_and_call@V<lambda_ec61778202f4f5fc7e7711acc23c3bca>@@@@YAP6AXH@ZW4__acrt_lock_id@@$$QAV<lambda_ec61778202f4f5fc7e7711acc23c3bca>@@@Z 1000f358 f i libucrt:signal.obj
 0001:0000e3ea       ___acrt_get_sigabrt_handler 1000f3ea f   libucrt:signal.obj
 0001:0000e401       ___acrt_initialize_signal_handlers 1000f401 f   libucrt:signal.obj
 0001:0000e43c       ___fpecode                 1000f43c f   libucrt:signal.obj
 0001:0000e445       _raise                     1000f445 f   libucrt:signal.obj
 0001:0000e64d       ??$?RV<lambda_3518db117f0e7cdb002338c5d3c47b6c>@@AAV<lambda_b2ea41f6bbb362cd97d94c6828d90b61>@@V<lambda_abdedf541bb04549bc734292b4a045d4>@@@?$__crt_seh_guarded_call@X@@QAEX$$QAV<lambda_3518db117f0e7cdb002338c5d3c47b6c>@@AAV<lambda_b2ea41f6bbb362cd97d94c6828d90b61>@@$$QAV<lambda_abdedf541bb04549bc734292b4a045d4>@@@Z 1000f64d f i libucrt:per_thread_data.obj
 0001:0000e69d       ??$?RV<lambda_51b6e8b1eb166f2a3faf91f424b38130>@@AAV<lambda_6250bd4b2a391816dd638c3bf72b0bcb>@@V<lambda_0b5a4a3e68152e1d9b943535f5f47bed>@@@?$__crt_seh_guarded_call@X@@QAEX$$QAV<lambda_51b6e8b1eb166f2a3faf91f424b38130>@@AAV<lambda_6250bd4b2a391816dd638c3bf72b0bcb>@@$$QAV<lambda_0b5a4a3e68152e1d9b943535f5f47bed>@@@Z 1000f69d f i libucrt:per_thread_data.obj
 0001:0000e6fe       ??$?RV<lambda_5b71d36f03204c0beab531769a5b5694>@@AAV<lambda_be2b3da3f62db62e9dad5dc70221a656>@@V<lambda_8f9ce462984622f9bf76b59e2aaaf805>@@@?$__crt_seh_guarded_call@X@@QAEX$$QAV<lambda_5b71d36f03204c0beab531769a5b5694>@@AAV<lambda_be2b3da3f62db62e9dad5dc70221a656>@@$$QAV<lambda_8f9ce462984622f9bf76b59e2aaaf805>@@@Z 1000f6fe f i libucrt:per_thread_data.obj
 0001:0000e749       ??$?RV<lambda_9df27f884b057bc3edfc946cb5b7cf47>@@AAV<lambda_e69574bed617af4e071282c136b37893>@@V<lambda_cc0d902bcbbeb830f749456577db4721>@@@?$__crt_seh_guarded_call@X@@QAEX$$QAV<lambda_9df27f884b057bc3edfc946cb5b7cf47>@@AAV<lambda_e69574bed617af4e071282c136b37893>@@$$QAV<lambda_cc0d902bcbbeb830f749456577db4721>@@@Z 1000f749 f i libucrt:per_thread_data.obj
 0001:0000e791       ??$__acrt_lock_and_call@V<lambda_6250bd4b2a391816dd638c3bf72b0bcb>@@@@YAXW4__acrt_lock_id@@$$QAV<lambda_6250bd4b2a391816dd638c3bf72b0bcb>@@@Z 1000f791 f i libucrt:per_thread_data.obj
 0001:0000e7b9       ??$__acrt_lock_and_call@V<lambda_b2ea41f6bbb362cd97d94c6828d90b61>@@@@YAXW4__acrt_lock_id@@$$QAV<lambda_b2ea41f6bbb362cd97d94c6828d90b61>@@@Z 1000f7b9 f i libucrt:per_thread_data.obj
 0001:0000e7e1       ??$__acrt_lock_and_call@V<lambda_be2b3da3f62db62e9dad5dc70221a656>@@@@YAXW4__acrt_lock_id@@$$QAV<lambda_be2b3da3f62db62e9dad5dc70221a656>@@@Z 1000f7e1 f i libucrt:per_thread_data.obj
 0001:0000e809       ??$__acrt_lock_and_call@V<lambda_e69574bed617af4e071282c136b37893>@@@@YAXW4__acrt_lock_id@@$$QAV<lambda_e69574bed617af4e071282c136b37893>@@@Z 1000f809 f i libucrt:per_thread_data.obj
 0001:0000e9bf       ___acrt_freeptd            1000f9bf f   libucrt:per_thread_data.obj
 0001:0000e9eb       ___acrt_getptd             1000f9eb f   libucrt:per_thread_data.obj
 0001:0000ea6f       ___acrt_getptd_noexit      1000fa6f f   libucrt:per_thread_data.obj
 0001:0000eaf4       ___acrt_initialize_ptd     1000faf4 f   libucrt:per_thread_data.obj
 0001:0000eb20       ___acrt_uninitialize_ptd   1000fb20 f   libucrt:per_thread_data.obj
 0001:0000eb3a       _iswctype                  1000fb3a f   libucrt:iswctype.obj
 0001:0000eb99       __isctype_l                1000fb99 f   libucrt:isctype.obj
 0001:0000ec6b       ___acrt_update_locale_info 1000fc6b f   libucrt:locale_update.obj
 0001:0000ec98       ___acrt_update_multibyte_info 1000fc98 f   libucrt:locale_update.obj
 0001:0000ecc5       ??$?RV<lambda_70818de7b02deff9841e8b0962a60ed9>@@AAV<lambda_2af78c5f5901b1372d98f9ab3177dfa6>@@AAV<lambda_f51fe5fd7c79a33db34fc9310f277369>@@@?$__crt_seh_guarded_call@X@@QAEX$$QAV<lambda_70818de7b02deff9841e8b0962a60ed9>@@AAV<lambda_2af78c5f5901b1372d98f9ab3177dfa6>@@AAV<lambda_f51fe5fd7c79a33db34fc9310f277369>@@@Z 1000fcc5 f i libucrt:wsetlocale.obj
 0001:0000ed00       ??$?RV<lambda_c76fdea48760d5f9368b465f31df4405>@@AAV<lambda_e378711a6f6581bf7f0efd7cdf97f5d9>@@V<lambda_e927a58b2a85c081d733e8c6192ae2d2>@@@?$__crt_seh_guarded_call@X@@QAEX$$QAV<lambda_c76fdea48760d5f9368b465f31df4405>@@AAV<lambda_e378711a6f6581bf7f0efd7cdf97f5d9>@@$$QAV<lambda_e927a58b2a85c081d733e8c6192ae2d2>@@@Z 1000fd00 f i libucrt:wsetlocale.obj
 0001:0000ed43       ??$__acrt_lock_and_call@V<lambda_e378711a6f6581bf7f0efd7cdf97f5d9>@@@@YAXW4__acrt_lock_id@@$$QAV<lambda_e378711a6f6581bf7f0efd7cdf97f5d9>@@@Z 1000fd43 f i libucrt:wsetlocale.obj
 0001:0000eec5       ___acrt_copy_locale_name   1000fec5 f   libucrt:wsetlocale.obj
 0001:0000ef2b       ___acrt_set_locale_changed 1000ff2b f   libucrt:wsetlocale.obj
 0001:0000ef36       ___acrt_uninitialize_locale 1000ff36 f   libucrt:wsetlocale.obj
 0001:0000ef88       ___lc_lctowcs              1000ff88 f   libucrt:wsetlocale.obj
 0001:0000eff8       ___lc_wcstolc              1000fff8 f   libucrt:wsetlocale.obj
 0001:0000f156       __expandlocale             10010156 f   libucrt:wsetlocale.obj
 0001:0000f4cd       __wcscats                  100104cd f   libucrt:wsetlocale.obj
 0001:0000f50e       __wsetlocale               1001050e f   libucrt:wsetlocale.obj
 0001:0000fe1e       ??$?RV<lambda_9227be29367c048ad7fd93a717dcb1a1>@@AAV<lambda_a463b7b0560cfcaf9b17f27c6ef46564>@@V<lambda_ccea11b5727ccf69be64f5f5d9a08d9f>@@@?$__crt_seh_guarded_call@H@@QAEH$$QAV<lambda_9227be29367c048ad7fd93a717dcb1a1>@@AAV<lambda_a463b7b0560cfcaf9b17f27c6ef46564>@@$$QAV<lambda_ccea11b5727ccf69be64f5f5d9a08d9f>@@@Z 10010e1e f i libucrt:winapi_thunks.obj
 0001:0000fea2       ??$__acrt_lock_and_call@V<lambda_a463b7b0560cfcaf9b17f27c6ef46564>@@@@YAHW4__acrt_lock_id@@$$QAV<lambda_a463b7b0560cfcaf9b17f27c6ef46564>@@@Z 10010ea2 f i libucrt:winapi_thunks.obj
 0001:0000feca       ??$__crt_fast_encode_pointer@P6AHXZ@@YAP6AHXZQ6AHXZ@Z 10010eca f i libucrt:onexit.obj
 0001:0000feca       ??$__crt_fast_encode_pointer@P6GHPA_WKJ@Z@@YAP6GHPA_WKJ@ZQ6GH0KJ@Z@Z 10010eca f i libucrt:winapi_thunks.obj
 0001:0001001a       ___acrt_EnumSystemLocalesEx@16 1001101a f   libucrt:winapi_thunks.obj
 0001:00010087       ___acrt_FlsAlloc@4         10011087 f   libucrt:winapi_thunks.obj
 0001:000100dd       ___acrt_FlsFree@4          100110dd f   libucrt:winapi_thunks.obj
 0001:00010133       ___acrt_FlsGetValue@4      10011133 f   libucrt:winapi_thunks.obj
 0001:00010189       ___acrt_FlsSetValue@8      10011189 f   libucrt:winapi_thunks.obj
 0001:000101e2       ___acrt_GetLocaleInfoEx@16 100111e2 f   libucrt:winapi_thunks.obj
 0001:0001024c       ___acrt_GetUserDefaultLocaleName@8 1001124c f   libucrt:winapi_thunks.obj
 0001:000102b3       ___acrt_InitializeCriticalSectionEx@12 100112b3 f   libucrt:winapi_thunks.obj
 0001:00010315       ___acrt_IsValidLocaleName@4 10011315 f   libucrt:winapi_thunks.obj
 0001:00010378       ___acrt_LCIDToLocaleName@16 10011378 f   libucrt:winapi_thunks.obj
 0001:000103e2       ___acrt_LCMapStringEx@36   100113e2 f   libucrt:winapi_thunks.obj
 0001:0001046a       ___acrt_LocaleNameToLCID@8 1001146a f   libucrt:winapi_thunks.obj
 0001:000104c6       ___acrt_can_use_vista_locale_apis 100114c6 f   libucrt:winapi_thunks.obj
 0001:000104d2       ___acrt_initialize_winapi_thunks 100114d2 f   libucrt:winapi_thunks.obj
 0001:000104f8       ___acrt_is_packaged_app    100114f8 f   libucrt:winapi_thunks.obj
 0001:0001057f       ___acrt_uninitialize_winapi_thunks 1001157f f   libucrt:winapi_thunks.obj
 0001:000105b5       __fcloseall                100115b5 f   libucrt:closeall.obj
 0001:00010655       ___acrt_stdio_free_buffer_nolock 10011655 f   libucrt:_freebuf.obj
 0001:000107ff       ___acrt_initialize_lowio   100117ff f   libucrt:ioinit.obj
 0001:00010855       ___acrt_uninitialize_lowio 10011855 f   libucrt:ioinit.obj
 0001:00010881       ??$?RV<lambda_123407a5e2ac06da108355a851863b7a>@@AAV<lambda_2fe9b910cf3cbf4a0ab98a02ba45b3ec>@@V<lambda_ae55bdf541ad94d75914d381c370e64d>@@@?$__crt_seh_guarded_call@H@@QAEH$$QAV<lambda_123407a5e2ac06da108355a851863b7a>@@AAV<lambda_2fe9b910cf3cbf4a0ab98a02ba45b3ec>@@$$QAV<lambda_ae55bdf541ad94d75914d381c370e64d>@@@Z 10011881 f i libucrt:close.obj
 0001:00010903       ??$__acrt_lowio_lock_fh_and_call@V<lambda_2fe9b910cf3cbf4a0ab98a02ba45b3ec>@@@@YAHH$$QAV<lambda_2fe9b910cf3cbf4a0ab98a02ba45b3ec>@@@Z 10011903 f i libucrt:close.obj
 0001:0001092b       __close                    1001192b f   libucrt:close.obj
 0001:000109aa       __close_nolock             100119aa f   libucrt:close.obj
 0001:00010a46       __fileno                   10011a46 f   libucrt:fileno.obj
 0001:00010a6c       ?__acrt_stdio_free_stream@@YAXV__crt_stdio_stream@@@Z 10011a6c f   libucrt:stream.obj
 0001:00010aa7       ??$?RV<lambda_61cee617f5178ae960314fd4d05640a0>@@AAV<lambda_6978c1fb23f02e42e1d9e99668cc68aa>@@V<lambda_9cd88cf8ad10232537feb2133f08c833>@@@?$__crt_seh_guarded_call@H@@QAEH$$QAV<lambda_61cee617f5178ae960314fd4d05640a0>@@AAV<lambda_6978c1fb23f02e42e1d9e99668cc68aa>@@$$QAV<lambda_9cd88cf8ad10232537feb2133f08c833>@@@Z 10011aa7 f i libucrt:commit.obj
 0001:00010b3f       ??$__acrt_lowio_lock_fh_and_call@V<lambda_6978c1fb23f02e42e1d9e99668cc68aa>@@@@YAHH$$QAV<lambda_6978c1fb23f02e42e1d9e99668cc68aa>@@@Z 10011b3f f i libucrt:commit.obj
 0001:00010b67       __commit                   10011b67 f   libucrt:commit.obj
 0001:00011166       __write                    10012166 f   libucrt:write.obj
 0001:00011251       __write_nolock             10012251 f   libucrt:write.obj
 0001:000115de       ___acrt_stdio_refill_and_read_narrow_nolock 100125de f   libucrt:_filbuf.obj
 0001:00011b19       __ftelli64                 10012b19 f   libucrt:ftell.obj
 0001:00011b24       __ftelli64_nolock          10012b24 f   libucrt:ftell.obj
 0001:00011d0c       ___acrt_stdio_flush_and_write_narrow_nolock 10012d0c f   libucrt:_flsbuf.obj
 0001:00011e9a       __lseeki64                 10012e9a f   libucrt:lseek.obj
 0001:00011eb5       __lseeki64_nolock          10012eb5 f   libucrt:lseek.obj
 0001:00011ed0       ___acrt_stdio_begin_temporary_buffering_nolock 10012ed0 f   libucrt:_sftbuf.obj
 0001:00011f85       ___acrt_stdio_end_temporary_buffering_nolock 10012f85 f   libucrt:_sftbuf.obj
 0001:00011fbe       ___acrt_stdio_allocate_buffer_nolock 10012fbe f   libucrt:_getbuf.obj
 0001:00012194       __mbstowcs_s_l             10013194 f   libucrt:mbstowcs.obj
 0001:00012277       _mbstowcs_s                10013277 f   libucrt:mbstowcs.obj
 0001:00012518       __wcstombs_s_l             10013518 f   libucrt:wcstombs.obj
 0001:000125e5       __query_new_mode           100135e5 f   libucrt:new_mode.obj
 0001:000125eb       ___acrt_initialize_heap    100135eb f   libucrt:heap_handle.obj
 0001:000125fc       ___acrt_uninitialize_heap  100135fc f   libucrt:heap_handle.obj
 0001:00012701       ___acrt_GetLocaleInfoA     10013701 f   libucrt:getlocaleinfoa.obj
 0001:000128b3       ___acrt_GetStringTypeA     100138b3 f   libucrt:getstringtypea.obj
 0001:00012bed       ___acrt_LCMapStringA       10013bed f   libucrt:lcmapstringa.obj
 0001:00012c38       __errcode                  10013c38 f   libucrt:fpexcept.obj
 0001:00012c6c       __except1                  10013c6c f   libucrt:fpexcept.obj
 0001:00012d3a       __handle_exc               10013d3a f   libucrt:fpexcept.obj
 0001:00012f1a       __raise_exc                10013f1a f   libucrt:fpexcept.obj
 0001:00012f3d       __raise_exc_ex             10013f3d f   libucrt:fpexcept.obj
 0001:0001322e       __set_errno_from_matherr   1001422e f   libucrt:fpexcept.obj
 0001:0001325d       __umatherr                 1001425d f   libucrt:fpexcept.obj
 0001:000132ff       __decomp                   100142ff f   libucrt:util.obj
 0001:000133d3       __set_exp                  100143d3 f   libucrt:util.obj
 0001:00013402       __sptype                   10014402 f   libucrt:util.obj
 0001:00013460       __clrfp                    10014460 f   libucrt:fpctrl.obj
 0001:00013473       __ctrlfp                   10014473 f   libucrt:fpctrl.obj
 0001:0001349f       __set_statfp               1001449f f   libucrt:fpctrl.obj
 0001:000134fa       __statfp                   100144fa f   libucrt:fpctrl.obj
 0001:0001350c       __fpclass                  1001450c f   libucrt:ieeemisc.obj
 0001:000135b0       __mbtowc_l                 100145b0 f   libucrt:mbtowc.obj
 0001:000136aa       _mbtowc                    100146aa f   libucrt:mbtowc.obj
 0001:000136c4       ___acrt_initialize_sse2    100146c4 f   libucrt:mathfcns.obj
 0001:000136e0       __CIpow_pentium4           100146e0 f   libucrt:pow_pentium4.obj
 0001:000136f9       __pow_pentium4             100146f9     libucrt:pow_pentium4.obj
 0001:00014211       __fFEXP                    10015211     libucrt:87tran.obj
 0001:00014268       __rtinfpopse               10015268     libucrt:87tran.obj
 0001:0001426a       __rtinfnpopse              1001526a     libucrt:87tran.obj
 0001:0001427a       __fFLN                     1001527a     libucrt:87tran.obj
 0001:0001432f       __rtinfpop                 1001532f     libucrt:87tran.obj
 0001:00014331       __rtinfnpop                10015331     libucrt:87tran.obj
 0001:0001434e       __ffexpm1                  1001534e     libucrt:87tran.obj
 0001:00014400       __trandisp1                10015400 f   libucrt:87disp.obj
 0001:00014467       __trandisp2                10015467 f   libucrt:87disp.obj
 0001:000144f3       __rttospopde               100154f3     libucrt:87disp.obj
 0001:000144f8       __rttospop                 100154f8     libucrt:87disp.obj
 0001:000144fa       __rtnospop                 100154fa     libucrt:87disp.obj
 0001:000144fc       __rttosnpop                100154fc     libucrt:87disp.obj
 0001:000144fd       __rtnospopde               100154fd     libucrt:87disp.obj
 0001:00014504       __rtzeropop                10015504     libucrt:87disp.obj
 0001:00014506       __rtzeronpop               10015506     libucrt:87disp.obj
 0001:0001450b       __rtzerospop               1001550b     libucrt:87disp.obj
 0001:00014518       __rtonepop                 10015518     libucrt:87disp.obj
 0001:0001451a       __rtonenpop                1001551a     libucrt:87disp.obj
 0001:0001451f       __tosnan1                  1001551f     libucrt:87disp.obj
 0001:0001454a       __nosnan2                  1001554a     libucrt:87disp.obj
 0001:0001454c       __tosnan2                  1001554c     libucrt:87disp.obj
 0001:00014574       __nan2                     10015574     libucrt:87disp.obj
 0001:000145b3       __rtindfpop                100155b3     libucrt:87disp.obj
 0001:000145b5       __rtindfnpop               100155b5     libucrt:87disp.obj
 0001:000145c6       __rttosnpopde              100155c6     libucrt:87disp.obj
 0001:000145d0       __rtatan2inf               100155d0     libucrt:87disp.obj
 0001:000145ed       __rtchsifneg               100155ed     libucrt:87disp.obj
 0001:00014600       __startTwoArgErrorHandling 10015600 f   libucrt:genexcep.obj
 0001:00014617       __startOneArgErrorHandling 10015617 f   libucrt:genexcep.obj
 0001:00014660       __twoToTOS                 10015660 f   libucrt:common.obj
 0001:00014675       __load_CW                  10015675 f   libucrt:common.obj
 0001:0001468c       __convertTOStoQNaN         1001568c f   libucrt:common.obj
 0001:000146a5       __fload_withFB             100156a5 f   libucrt:common.obj
 0001:000146e8       __checkTOS_withFB          100156e8 f   libucrt:common.obj
 0001:000146fe       __fast_exit                100156fe f   libucrt:common.obj
 0001:0001470b       __math_exit                1001570b f   libucrt:common.obj
 0001:00014735       __check_overflow_exit      10015735 f   libucrt:common.obj
 0001:00014749       __check_range_exit         10015749 f   libucrt:common.obj
 0001:000147ec       __d_inttype                100157ec f   libucrt:powhlp.obj
 0001:00014856       __powhlp                   10015856 f   libucrt:powhlp.obj
 0001:00014981       __wcsicmp                  10015981 f   libucrt:wcsicmp.obj
 0001:00014a16       __wcsicmp_l                10015a16 f   libucrt:wcsicmp.obj
 0001:00014af6       ___acrt_initialize_timeset 10015af6 f   libucrt:timeset.obj
 0001:00014b2d       __isleadbyte_l             10015b2d f i libucrt:_wctype.obj
 0001:00014f28       ??1?$argument_list@D@?A0xb0e4b824@@QAE@XZ 10015f28 f i libucrt:argv_wildcards.obj
 0001:00014f4d       ?append@?$argument_list@D@?A0xb0e4b824@@QAEHQAD@Z 10015f4d f i libucrt:argv_wildcards.obj
 0001:00014f82       ?expand_if_necessary@?$argument_list@D@?A0xb0e4b824@@AAEHXZ 10015f82 f i libucrt:argv_wildcards.obj
 0001:00015009       ___acrt_expand_narrow_argv_wildcards 10016009 f   libucrt:argv_wildcards.obj
 0001:00015014       ??$?RV<lambda_978dc153c237d78434369da87b74ff60>@@AAV<lambda_ad1ced32f4ac17aa236e5ef05d6b3b7c>@@V<lambda_4a8533e2866a575feecb8298ce776b0d>@@@?$__crt_seh_guarded_call@X@@QAEX$$QAV<lambda_978dc153c237d78434369da87b74ff60>@@AAV<lambda_ad1ced32f4ac17aa236e5ef05d6b3b7c>@@$$QAV<lambda_4a8533e2866a575feecb8298ce776b0d>@@@Z 10016014 f i libucrt:mbctype.obj
 0001:00015057       ??$__acrt_lock_and_call@V<lambda_ad1ced32f4ac17aa236e5ef05d6b3b7c>@@@@YAXW4__acrt_lock_id@@$$QAV<lambda_ad1ced32f4ac17aa236e5ef05d6b3b7c>@@@Z 10016057 f i libucrt:mbctype.obj
 0001:000154ee       ___acrt_initialize_multibyte 100164ee f   libucrt:mbctype.obj
 0001:0001550c       ___acrt_update_thread_multibyte_data 1001650c f   libucrt:mbctype.obj
 0001:000155ae       __setmbcp_nolock           100165ae f   libucrt:mbctype.obj
 0001:00015820       ___acrt_initialize_command_line 10016820 f   libucrt:argv_data.obj
 0001:00015870       ___dcrt_get_narrow_environment_from_os 10016870 f   libucrt:get_environment_from_os.obj
 0001:000158f3       __recalloc                 100168f3 f   libucrt:recalloc.obj
 0001:000158fe       __recalloc_base            100168fe f   libucrt:recalloc.obj
 0001:0001596b       ___acrt_execute_initializers 1001696b f   libucrt:shared_initialization.obj
 0001:000159ee       ___acrt_execute_uninitializers 100169ee f   libucrt:shared_initialization.obj
 0001:00015a3b       ___acrt_has_user_matherr   10016a3b f   libucrt:matherr.obj
 0001:00015a54       ___acrt_initialize_user_matherr 10016a54 f   libucrt:matherr.obj
 0001:00015a68       ___acrt_invoke_user_matherr 10016a68 f   libucrt:matherr.obj
 0001:00015ab1       ___acrt_add_locale_ref     10016ab1 f   libucrt:locale_refcounting.obj
 0001:00015b2e       ___acrt_free_locale        10016b2e f   libucrt:locale_refcounting.obj
 0001:00015c78       ___acrt_locale_add_lc_time_reference 10016c78 f   libucrt:locale_refcounting.obj
 0001:00015ca1       ___acrt_locale_free_lc_time_if_unreferenced 10016ca1 f   libucrt:locale_refcounting.obj
 0001:00015cd1       ___acrt_locale_release_lc_time_reference 10016cd1 f   libucrt:locale_refcounting.obj
 0001:00015cfa       ___acrt_release_locale_ref 10016cfa f   libucrt:locale_refcounting.obj
 0001:00015d7b       ___acrt_update_thread_locale_data 10016d7b f   libucrt:locale_refcounting.obj
 0001:00015df2       __updatetlocinfoEx_nolock  10016df2 f   libucrt:locale_refcounting.obj
 0001:00015e42       ___acrt_locale_free_monetary 10016e42 f   libucrt:initmon.obj
 0001:00015f40       ___acrt_locale_initialize_monetary 10016f40 f   libucrt:initmon.obj
 0001:000162fc       ___acrt_locale_free_numeric 100172fc f   libucrt:initnum.obj
 0001:00016365       ___acrt_locale_initialize_numeric 10017365 f   libucrt:initnum.obj
 0001:0001683a       ___acrt_locale_free_time   1001783a f   libucrt:inittime.obj
 0001:0001691e       ___acrt_locale_initialize_time 1001791e f   libucrt:inittime.obj
 0001:0001699d       _wcscat_s                  1001799d f   libucrt:wcscat_s.obj
 0001:00016adf       _wcsncpy_s                 10017adf f   libucrt:wcsncpy_s.obj
 0001:00016aea       _wcscspn                   10017aea f   libucrt:wcscspn.obj
 0001:00016b3a       _wcsncmp                   10017b3a f   libucrt:wcsncmp.obj
 0001:00016b74       _wcspbrk                   10017b74 f   libucrt:wcspbrk.obj
 0001:000172b7       ___acrt_get_qualified_locale 100182b7 f   libucrt:get_qualified_locale.obj
 0001:00017bef       ___acrt_get_qualified_locale_downlevel 10018bef f   libucrt:getqloc_downlevel.obj
 0001:00017eb2       ___acrt_DownlevelLCIDToLocaleName 10018eb2 f   libucrt:lcidtoname_downlevel.obj
 0001:00017f5c       ___acrt_DownlevelLocaleNameToLCID 10018f5c f   libucrt:lcidtoname_downlevel.obj
 0001:00017f88       ___acrt_lowio_create_handle_array 10018f88 f   libucrt:osfinfo.obj
[...]
 0002:0000d258       __sehtable$??$?RV<lambda_c76fdea48760d5f9368b465f31df4405>@@AAV<lambda_e378711a6f6581bf7f0efd7cdf97f5d9>@@V<lambda_e927a58b2a85c081d733e8c6192ae2d2>@@@?$__crt_seh_guarded_call@X@@QAEX$$QAV<lambda_c76fdea48760d5f9368b465f31df4405>@@AAV<lambda_e378711a6f6581bf7f0efd7cdf97f5d9>@@$$QAV<lambda_e927a58b2a85c081d733e8c6192ae2d2>@@@Z 1002a258     libucrt:wsetlocale.obj
 0002:0000d278       __sehtable$??$?RV<lambda_9227be29367c048ad7fd93a717dcb1a1>@@AAV<lambda_a463b7b0560cfcaf9b17f27c6ef46564>@@V<lambda_ccea11b5727ccf69be64f5f5d9a08d9f>@@@?$__crt_seh_guarded_call@H@@QAEH$$QAV<lambda_9227be29367c048ad7fd93a717dcb1a1>@@AAV<lambda_a463b7b0560cfcaf9b17f27c6ef46564>@@$$QAV<lambda_ccea11b5727ccf69be64f5f5d9a08d9f>@@@Z 1002a278     libucrt:winapi_thunks.obj
 0002:0000d298       __sehtable$__fcloseall     1002a298     libucrt:closeall.obj
 0002:0000d2b8       __sehtable$___acrt_initialize_lowio 1002a2b8     libucrt:ioinit.obj
 0002:0000d2d8       __sehtable$??$?RV<lambda_123407a5e2ac06da108355a851863b7a>@@AAV<lambda_2fe9b910cf3cbf4a0ab98a02ba45b3ec>@@V<lambda_ae55bdf541ad94d75914d381c370e64d>@@@?$__crt_seh_guarded_call@H@@QAEH$$QAV<lambda_123407a5e2ac06da108355a851863b7a>@@AAV<lambda_2fe9b910cf3cbf4a0ab98a02ba45b3ec>@@$$QAV<lambda_ae55bdf541ad94d75914d381c370e64d>@@@Z 1002a2d8     libucrt:close.obj
 0002:0000d2f8       __sehtable$??$?RV<lambda_61cee617f5178ae960314fd4d05640a0>@@AAV<lambda_6978c1fb23f02e42e1d9e99668cc68aa>@@V<lambda_9cd88cf8ad10232537feb2133f08c833>@@@?$__crt_seh_guarded_call@H@@QAEH$$QAV<lambda_61cee617f5178ae960314fd4d05640a0>@@AAV<lambda_6978c1fb23f02e42e1d9e99668cc68aa>@@$$QAV<lambda_9cd88cf8ad10232537feb2133f08c833>@@@Z 1002a2f8     libucrt:commit.obj
 0002:0000d318       __sehtable$__write         1002a318     libucrt:write.obj
 0002:0000d338       __sehtable$??$common_ftell@_J@@YA_JV__crt_stdio_stream@@@Z 1002a338     libucrt:ftell.obj
 0002:0000d358       __sehtable$??$common_lseek@_J@@YA_JH_JH@Z 1002a358     libucrt:lseek.obj
 0002:0000d378       __sehtable$___acrt_update_thread_multibyte_data 1002a378     libucrt:mbctype.obj
 0002:0000d398       __sehtable$??$?RV<lambda_978dc153c237d78434369da87b74ff60>@@AAV<lambda_ad1ced32f4ac17aa236e5ef05d6b3b7c>@@V<lambda_4a8533e2866a575feecb8298ce776b0d>@@@?$__crt_seh_guarded_call@X@@QAEX$$QAV<lambda_978dc153c237d78434369da87b74ff60>@@AAV<lambda_ad1ced32f4ac17aa236e5ef05d6b3b7c>@@$$QAV<lambda_4a8533e2866a575feecb8298ce776b0d>@@@Z 1002a398     libucrt:mbctype.obj
 0002:0000d3b8       __sehtable$___acrt_update_thread_locale_data 1002a3b8     libucrt:locale_refcounting.obj
 0002:0000d3d8       __sehtable$___acrt_lowio_ensure_fh_exists 1002a3d8     libucrt:osfinfo.obj
 0002:0000d3f8       __sehtable$__read          1002a3f8     libucrt:read.obj
 0002:0000d418       __sehtable$__IsNonwritableInCurrentImage 1002a418     LIBCMT:pesect.obj
 0002:0000d7b0       .edata                     1002a7b0     addon.exp
 0002:0000d7d8       rgpv                       1002a7d8     addon.exp
 0002:0000d7dc       rgszName                   1002a7dc     addon.exp
 0002:0000d7e0       rgwOrd                     1002a7e0     addon.exp
 0002:0000d7e2       szName                     1002a7e2     addon.exp
 0002:0000d7ed       $N00001                    1002a7ed     addon.exp
 0002:0000d9f8       .idata$6                   1002a9f8     kernel32:KERNEL32.dll
 0002:0000dbbc       .idata$6                   1002abbc     edk:edk.dll
 0002:0000e14a       .idata$6                   1002b14a     advapi32:ADVAPI32.dll
 0003:00000000       ?init@std@@3JA             1002c000     libcpmt:xlock.obj
 0003:00000008       ?atcount_cdecl@@3IA        1002c008     libcpmt:iosptrs.obj
 0003:00000090       ?_Tlg_Microsoft_CRTProviderProv@@3U_TlgProvider_t@__vcrt_trace_logging_provider@@A 1002c090     libvcruntime:telemetry.obj
 0003:000000d0       ?__vcrt_flsindex@@3KA      1002c0d0     libvcruntime:per_thread_data.obj
 0003:000000f4       _errno_no_memory           1002c0f4     libucrt:errno.obj
 0003:000000f8       _doserrno_no_memory        1002c0f8     libucrt:errno.obj
 0003:00000210       ___acrt_flsindex           1002c210     libucrt:per_thread_data.obj
 0003:00000214       __ctype_loc_style          1002c214     libucrt:wsetlocale.obj
 0003:00000320       _tzstd_program             1002c320     libucrt:timeset.obj
 0003:00000360       _tzdst_program             1002c360     libucrt:timeset.obj
 0003:000003a0       _tzname_states             1002c3a0     libucrt:timeset.obj
 0003:000003a8       ___rgctypeflag             1002c3a8     libucrt:mbctype.obj
 0003:000003b0       ___rgcode_page_info        1002c3b0     libucrt:mbctype.obj
 0003:000009e0       __module                   1002c9e0     Node.obj
 0003:00000ee0       ?initlocks@std@@3V_Init_locks@1@A 1002cee0     libcpmt:xlock.obj
 0003:00000ee8       ?mtx@std@@3PAU_RTL_CRITICAL_SECTION@@A 1002cee8     libcpmt:xlock.obj
 0003:00000fa8       ?initlocks@@3V_Init_locks@std@@A 1002cfa8     libcpmt:cout.obj
 0003:00000fa9       ?init_cout@std@@3U_Init_cout@1@A 1002cfa9     libcpmt:cout.obj
 0003:00001000       ?fout@std@@3V?$basic_filebuf@DU?$char_traits@D@std@@@1@A 1002d000     libcpmt:cout.obj
 0003:00001068       _global_locale             1002d068     libcpmt:locale0.obj
 0003:00001070       ?_Fac_head@std@@3PAU_Fac_node@1@A 1002d070     libcpmt:locale0.obj
 0003:0000108c       ?classic_locale@std@@3Vlocale@1@A 1002d08c     libcpmt:locale0.obj
 0003:00001094       ?_Fac_tidy_reg@std@@3U_Fac_tidy_reg_t@1@B 1002d094     libcpmt:locale0.obj
 0003:00001095       ?registered@?1??_Setgloballocale@locale@std@@CAXPAX@Z@4_NA 1002d095     libcpmt:locale0.obj
 0003:00001098       ?initlocks@@3V_Init_locks@std@@A 1002d098     libcpmt:cin.obj
 0003:00001099       ?init_cin@std@@3U_Init_cin@1@A 1002d099     libcpmt:cin.obj
 0003:000010a0       ?fin@std@@3V?$basic_filebuf@DU?$char_traits@D@std@@@1@A 1002d0a0     libcpmt:cin.obj
 0003:00001158       ?initlocks@@3V_Init_locks@std@@A 1002d158     libcpmt:cerr.obj
 0003:00001159       ?init_cerr@std@@3U_Init_cerr@1@A 1002d159     libcpmt:cerr.obj
 0003:000011b0       ?ferr@std@@3V?$basic_filebuf@DU?$char_traits@D@std@@@1@A 1002d1b0     libcpmt:cerr.obj
 0003:0000120c       ?stdstr@std@@3PAPAVios_base@1@A 1002d20c     libcpmt:ios.obj
 0003:00001234       ?stdopens@std@@3PADA       1002d234     libcpmt:ios.obj
 0003:00001264       ?atfuns_cdecl@@3PAP6AXXZA  1002d264     libcpmt:iosptrs.obj
 0003:0000128c       ?initlocks@std@@3V_Init_locks@1@A 1002d28c     libcpmt:iosptrs.obj
 0003:0000128d       ?init_atexit@@3U_Init_atexit@@A 1002d28d     libcpmt:iosptrs.obj
 0003:000013c0       ?_Tss_mutex@@3U_RTL_CRITICAL_SECTION@@A 1002d3c0     LIBCMT:thread_safe_statics.obj
 0003:000013d8       ?_Tss_cv@@3U_RTL_CONDITION_VARIABLE@@A 1002d3d8     LIBCMT:thread_safe_statics.obj
 0003:000013dc       ?_Tss_event@@3PAXA         1002d3dc     LIBCMT:thread_safe_statics.obj
 0003:000013e0       ?encoded_sleep_condition_variable_cs@@3P6GHPAU_RTL_CONDITION_VARIABLE@@PAU_RTL_CRITICAL_SECTION@@K@ZA 1002d3e0     LIBCMT:thread_safe_statics.obj
 0003:000013e4       ?encoded_wake_all_condition_variable@@3P6GXPAU_RTL_CONDITION_VARIABLE@@@ZA 1002d3e4     LIBCMT:thread_safe_statics.obj
 0003:000013f0       ?module_local_atexit_table@@3U_onexit_table_t@@A 1002d3f0     LIBCMT:utility.obj
 0003:000013fc       ?module_local_at_quick_exit_table@@3U_onexit_table_t@@A 1002d3fc     LIBCMT:utility.obj
 0003:00001408       ?is_initialized_as_dll@@3_NA 1002d408     LIBCMT:utility.obj
 0003:0000140c       ?__proc_attached@@3HA      1002d40c     LIBCMT:dll_dllmain.obj
 0003:00001410       _GS_ExceptionRecord        1002d410     LIBCMT:gs_report.obj
 0003:00001460       _GS_ContextRecord          1002d460     LIBCMT:gs_report.obj
 0003:00001754       ?module_handles@@3PAPAUHINSTANCE__@@A 1002d754     libvcruntime:winapi_downlevel.obj
 0003:00001764       ?encoded_function_pointers@@3PAPAXA 1002d764     libvcruntime:winapi_downlevel.obj
 0003:0000178c       ?__vcrt_startup_thread_ptd@@3U__vcrt_ptd@@A 1002d78c     libvcruntime:per_thread_data.obj
 0003:000017b4       ___vcrt_lock_table         1002d7b4     libvcruntime:locks.obj
 0003:000017cc       ___vcrt_locks_initialized  1002d7cc     libvcruntime:locks.obj
 0003:000017f8       ?heap@@3V_HeapManager@@A   1002d7f8     libvcruntime:undname.obj
 0003:0000180c       ___acrt_invalid_parameter_handler 1002d80c     libucrt:invalid_parameter.obj
 0003:00001810       ___acrt_lock_table         1002d810     libucrt:locks.obj
 0003:00001948       ___acrt_locks_initialized  1002d948     libucrt:locks.obj
 0003:00001960       ___acrt_new_handler        1002d960     libucrt:new_handler.obj
 0003:00001964       _c_termination_complete    1002d964     libucrt:exit.obj
 0003:00001968       _thread_local_exit_callback_func 1002d968     libucrt:exit.obj
 0003:0000196c       ?c_exit_complete@?5??common_exit@@YAXHW4_crt_exit_cleanup_mode@@W4_crt_exit_return_mode@@@Z@4_NA 1002d96c     libucrt:exit.obj
 0003:00001970       ?program_name@?5???$common_configure_argv@D@@YAHW4_crt_argv_mode@@@Z@4PADA 1002d970     libucrt:argv_parsing.obj
 0003:00001aa0       _ctrlc_action              1002daa0     libucrt:signal.obj
 0003:00001aa4       _ctrlbreak_action          1002daa4     libucrt:signal.obj
 0003:00001aa8       _abort_action              1002daa8     libucrt:signal.obj
 0003:00001aac       _term_action               1002daac     libucrt:signal.obj
 0003:00001ab8       _module_handles            1002dab8     libucrt:winapi_thunks.obj
 0003:00001b08       _encoded_function_pointers 1002db08     libucrt:winapi_thunks.obj
 0003:00001b88       ?static_enum_proc@?1??enum_system_locales_ex_nolock@@YAHQ6GHPA_WKJ@Z@Z@4P6GH0KJ@ZA 1002db88     libucrt:winapi_thunks.obj
 0003:00001b8c       ?state_cache@?1??__acrt_is_packaged_app@@9@4JA 1002db8c     libucrt:winapi_thunks.obj
 0003:00001d9c       ___acrt_global_new_mode    1002dd9c     libucrt:new_mode.obj
 0003:00001db4       __tzname                   1002ddb4     libucrt:timeset.obj
 0003:00001db8       _tz_api_used               1002ddb8     libucrt:tzset.obj
 0003:00001dc0       _tz_info                   1002ddc0     libucrt:tzset.obj
 0003:00001e84       _fSystemSet                1002de84     libucrt:mbctype.obj
 0003:00001e88       ?initialized@?1??__acrt_initialize_multibyte@@9@4_NA 1002de88     libucrt:mbctype.obj
 0003:00001ea4       _user_matherr              1002dea4     libucrt:matherr.obj
 0003:00001ea8       __pmatherr_set             1002dea8     libucrt:libm_error.obj
 0003:00001eac       ___acrt_app_type           1002deac     libucrt:report_runtime_error.obj
 0004:00000000       __guard_fids____dcrt_uninitialize_environments_nolock 1002e000     libucrt:environment_initialization.obj
 0004:00000008       __guard_fids__             1002e008     libucrt:initialization.obj
 0004:00000068       __guard_fids____acrt_initialize_ptd 1002e068     libucrt:per_thread_data.obj
 0004:0000006c       __guard_fids__             1002e06c     libucrt:wsetlocale.obj
 0004:00000084       __guard_fids_??$?RV<lambda_9227be29367c048ad7fd93a717dcb1a1>@@AAV<lambda_a463b7b0560cfcaf9b17f27c6ef46564>@@V<lambda_ccea11b5727ccf69be64f5f5d9a08d9f>@@@?$__crt_seh_guarded_call@H@@QAEH$$QAV<lambda_9227be29367c048ad7fd93a717dcb1a1>@@AAV<lambda_a463b7b0560cfcaf9b17f27c6ef46564>@@$$QAV<lambda_ccea11b5727ccf69be64f5f5d9a08d9f>@@@Z 1002e084     libucrt:winapi_thunks.obj
 0004:00000088       __guard_fids__             1002e088     libucrt:stdio_initializer.obj
 0004:0000008c       __guard_fids__             1002e08c     libucrt:stdio_initializer.obj
 0004:00000090       __guard_fids_??$expand_argument_wildcards@D@@YAHQAD0AAV?$argument_list@D@?A0xb0e4b824@@@Z 1002e090     libucrt:argv_wildcards.obj
 0004:00000094       __guard_fids__             1002e094     libucrt:locale_initializer.obj
 0004:00000098       __guard_fids__GetLocaleNameFromLangCountry 1002e098     libucrt:get_qualified_locale.obj
 0004:0000009c       __guard_fids__GetLocaleNameFromLanguage 1002e09c     libucrt:get_qualified_locale.obj
 0004:000000a0       __guard_fids__GetLcidFromLangCountry 1002e0a0     libucrt:getqloc_downlevel.obj
 0004:000000a4       __guard_fids__GetLcidFromLanguage 1002e0a4     libucrt:getqloc_downlevel.obj
 0004:000000a8       __guard_fids__GetLcidFromCountry 1002e0a8     libucrt:getqloc_downlevel.obj
 0004:000000ac       __guard_fids__             1002e0ac     libucrt:sse2_initializer.obj
 0004:000000b0       __guard_fids____libm_error_support 1002e0b0     libucrt:libm_error.obj
 0004:000000b4       __guard_fids__             1002e0b4     libucrt:timeset_initializer.obj
 0004:000000b8       __guard_fids__             1002e0b8     libucrt:multibyte_initializer.obj
 0004:000000bc       __guard_fids__             1002e0bc     libucrt:console_output_initializer.obj
 0004:000000c0       __guard_fids_??__Einitlocks@std@@YAXXZ 1002e0c0     libcpmt:xlock.obj
 0004:000000c4       __guard_fids__             1002e0c4     libcpmt:xlock.obj
 0004:000000c8       __guard_fids_??__Einitlocks@@YAXXZ 1002e0c8     libcpmt:cout.obj
 0004:000000cc       __guard_fids_??__Efout@std@@YAXXZ 1002e0cc     libcpmt:cout.obj
 0004:000000d0       __guard_fids_??__Ecout@std@@YAXXZ 1002e0d0     libcpmt:cout.obj
 0004:000000d4       __guard_fids__             1002e0d4     libcpmt:cout.obj
 0004:000000dc       __guard_fids__             1002e0dc     libcpmt:cout.obj
 0004:000000e4       __guard_fids__             1002e0e4     libcpmt:cout.obj
 0004:000000ec       __guard_fids__             1002e0ec     libcpmt:cout.obj
 0004:000000f0       __guard_fids__             1002e0f0     libcpmt:cout.obj
 0004:000000fc       __guard_fids__             1002e0fc     libcpmt:cout.obj
 0004:00000128       __guard_fids__             1002e128     libcpmt:cout.obj
 0004:00000140       __guard_fids__             1002e140     libcpmt:cout.obj
 0004:00000148       __guard_fids__             1002e148     libcpmt:cout.obj
 0004:00000160       __guard_fids__             1002e160     libcpmt:cout.obj
 0004:00000168       __guard_fids__             1002e168     libcpmt:cout.obj
 0004:0000016c       __guard_fids__             1002e16c     libcpmt:cout.obj
 0004:000001a8       __guard_fids__             1002e1a8     libcpmt:cout.obj
 0004:000001e4       __guard_fids__             1002e1e4     libcpmt:cout.obj
 0004:000001e8       __guard_fids__             1002e1e8     libcpmt:cout.obj
 0004:000001ec       __guard_fids__             1002e1ec     libcpmt:cout.obj
 0004:00000214       __guard_fids__             1002e214     libcpmt:cout.obj
 0004:00000218       __guard_fids__             1002e218     libcpmt:cout.obj
 0004:0000021c       __guard_fids__             1002e21c     libcpmt:cout.obj
 0004:00000220       __guard_fids__             1002e220     libcpmt:cout.obj
 0004:00000224       __guard_fids__             1002e224     libcpmt:cout.obj
 0004:00000228       __guard_fids__             1002e228     libcpmt:cout.obj
 0004:0000022c       __guard_fids_??__E_Fac_tidy_reg@std@@YAXXZ 1002e22c     libcpmt:locale0.obj
 0004:00000230       __guard_fids_?_Setgloballocale@locale@std@@CAXPAX@Z 1002e230     libcpmt:locale0.obj
 0004:00000234       __guard_fids_??__Eclassic_locale@std@@YAXXZ 1002e234     libcpmt:locale0.obj
 0004:00000238       __guard_fids__             1002e238     libcpmt:locale0.obj
 0004:00000244       __guard_fids__             1002e244     libcpmt:locale0.obj
 0004:00000248       __guard_fids__             1002e248     libcpmt:locale0.obj
 0004:0000024c       __guard_fids_??__Einitlocks@@YAXXZ 1002e24c     libcpmt:cin.obj
 0004:00000250       __guard_fids_??__Efin@std@@YAXXZ 1002e250     libcpmt:cin.obj
 0004:00000254       __guard_fids_??__Ecin@std@@YAXXZ 1002e254     libcpmt:cin.obj
 0004:00000258       __guard_fids__             1002e258     libcpmt:cin.obj
 0004:0000025c       __guard_fids__             1002e25c     libcpmt:cin.obj
 0004:00000260       __guard_fids__             1002e260     libcpmt:cin.obj
 0004:00000264       __guard_fids__             1002e264     libcpmt:cin.obj
 0004:00000268       __guard_fids__             1002e268     libcpmt:cin.obj
 0004:0000026c       __guard_fids__             1002e26c     libcpmt:xthrow.obj
 0004:00000274       __guard_fids__             1002e274     libcpmt:xthrow.obj
 0004:0000027c       __guard_fids__             1002e27c     libcpmt:xthrow.obj
 0004:00000284       __guard_fids__             1002e284     libcpmt:xthrow.obj
 0004:0000028c       __guard_fids__             1002e28c     libcpmt:xthrow.obj
 0004:00000290       __guard_fids__             1002e290     libcpmt:xthrow.obj
 0004:00000294       __guard_fids__             1002e294     libcpmt:xthrow.obj
 0004:00000298       __guard_fids__             1002e298     libcpmt:xthrow.obj
 0004:0000029c       __guard_fids__             1002e29c     libcpmt:xthrow.obj
 0004:000002a0       __guard_fids__             1002e2a0     libcpmt:xthrow.obj
 0004:000002a4       __guard_fids__             1002e2a4     libcpmt:xthrow.obj
 0004:000002a8       __guard_fids_??__Einitlocks@@YAXXZ 1002e2a8     libcpmt:cerr.obj
 0004:000002ac       __guard_fids_??__Eferr@std@@YAXXZ 1002e2ac     libcpmt:cerr.obj
 0004:000002b0       __guard_fids_??__Ecerr@std@@YAXXZ 1002e2b0     libcpmt:cerr.obj
 0004:000002b4       __guard_fids__             1002e2b4     libcpmt:cerr.obj
 0004:000002b8       __guard_fids__             1002e2b8     libcpmt:cerr.obj
 0004:000002bc       __guard_fids__             1002e2bc     libcpmt:cerr.obj
 0004:000002c0       __guard_fids__             1002e2c0     libcpmt:cerr.obj
 0004:000002c4       __guard_fids_??__Einitlocks@std@@YAXXZ 1002e2c4     libcpmt:iosptrs.obj
 0004:000002c8       __guard_fids_??__Einit_atexit@@YAXXZ 1002e2c8     libcpmt:iosptrs.obj
 0004:000002cc       __guard_fids__             1002e2cc     libcpmt:iosptrs.obj
 0004:000002d0       __guard_fids__             1002e2d0     libcpmt:iosptrs.obj
 0004:000002d4       __guard_fids__             1002e2d4     libcpmt:winapisupp.obj
 0004:000002d8       __guard_fids__             1002e2d8     LIBCMT:thread_safe_statics.obj
 0004:000002dc       __guard_fids_?__scrt_initialize_thread_safe_statics@@YAHXZ 1002e2dc     LIBCMT:thread_safe_statics.obj
 0004:000002e0       __guard_fids__             1002e2e0     LIBCMT:std_type_info_static.obj
 0004:000002e4       __guard_fids_?dllmain_crt_process_attach@@YAHQAUHINSTANCE__@@QAX@Z 1002e2e4     LIBCMT:dll_dllmain.obj
 0004:000002ec       __guard_fids_?dllmain_dispatch@@YAHQAUHINSTANCE__@@KQAX@Z 1002e2ec     LIBCMT:dll_dllmain.obj
 0004:000002f0       __guard_fids__             1002e2f0     LIBCMT:throw_bad_alloc.obj
 0004:000002f8       __guard_fids__             1002e2f8     LIBCMT:throw_bad_alloc.obj
 0004:000002fc       __guard_fids__             1002e2fc     LIBCMT:throw_bad_alloc.obj
 0004:00000300       __guard_fids__             1002e300     LIBCMT:guard_support.obj
 0004:00000304       __guard_fids__             1002e304     libvcruntime:frame.obj
 0004:00000308       __guard_fids__             1002e308     libvcruntime:frame.obj
 0004:00000310       __guard_fids__             1002e310     libvcruntime:frame.obj
 0004:00000314       __guard_fids__             1002e314     libvcruntime:frame.obj
 0004:00000318       __guard_fids__             1002e318     libvcruntime:telemetry.obj
 0004:0000031c       __guard_fids_?TraceLoggingRegister@__vcrt_trace_logging_provider@@YAJPBU_TlgProvider_t@1@PBU_GUID@@P6GX1KE_K2PAU_EVENT_FILTER_DESCRIPTOR@@PAX@Z4@Z 1002e31c     libvcruntime:telemetry.obj
 0004:00000320       __guard_fids____vcrt_initialize_ptd 1002e320     libvcruntime:per_thread_data.obj
 0006:00000060       $R000000                   10030060     * linker generated manifest res *

 Exports

  ordinal    name

        1    __register_addon_
               exported name: _register_addon_
